2026-09-29 06:58:05 SCAN files=1 folder=C:\Users\pusit\AppData\Local\Temp\hvp-regression-51b5f631645a4f38a91cdd68852e2345
2026-09-29 06:58:05 START file=old-Z02J-HVP.txt creationUtc=2026-09-28T23:28:05.4953160Z lastWriteUtc=2026-09-28T23:58:00.4955198Z attempt=1/3
2026-09-29 06:58:05 DB COMMANDS completedRecords=1 file=old-Z02J-HVP.txt; this is not an affected-row count.
2026-09-29 06:58:05 DONE file=old-Z02J-HVP.txt
2026-09-29 06:58:05 SCAN END completedFiles=1 elapsedMs=16 files=1 stateCount=1 stateReloaded=True stateLoadMs=0 enumerateMs=2 sortedFiles=1 stateBytesWritten=299 stateCompactions=0
PASS older creation time with recently updated time is still processed
2026-09-29 06:58:05 SCAN files=3 folder=C:\Users\pusit\AppData\Local\Temp\hvp-regression-629a4ab6ef164d678f45bd48d10b5a95
2026-09-29 06:58:05 START file=a-Z02J-HVP.txt creationUtc=2026-09-28T23:28:05.5160289Z lastWriteUtc=2026-09-28T23:28:05.5160815Z attempt=1/3
2026-09-29 06:58:05 DB COMMANDS completedRecords=1 file=a-Z02J-HVP.txt; this is not an affected-row count.
2026-09-29 06:58:05 DONE file=a-Z02J-HVP.txt
2026-09-29 06:58:05 START file=b-Z02J-HVP.txt creationUtc=2026-09-28T23:38:05.5164117Z lastWriteUtc=2026-09-28T23:38:05.5164757Z attempt=1/3
2026-09-29 06:58:05 DB COMMANDS completedRecords=1 file=b-Z02J-HVP.txt; this is not an affected-row count.
2026-09-29 06:58:05 DONE file=b-Z02J-HVP.txt
2026-09-29 06:58:05 START file=z-Z02J-HVP.txt creationUtc=2026-09-28T23:48:05.5157521Z lastWriteUtc=2026-09-28T23:48:05.5158198Z attempt=1/3
2026-09-29 06:58:05 DB COMMANDS completedRecords=1 file=z-Z02J-HVP.txt; this is not an affected-row count.
2026-09-29 06:58:05 DONE file=z-Z02J-HVP.txt
2026-09-29 06:58:05 SCAN END completedFiles=3 elapsedMs=6 files=3 stateCount=3 stateReloaded=True stateLoadMs=0 enumerateMs=0 sortedFiles=3 stateBytesWritten=885 stateCompactions=0
PASS all pending files run in creation order with stable tie order
2026-09-29 06:58:05 SCAN files=1 folder=C:\Users\pusit\AppData\Local\Temp\hvp-regression-b0fb577a258b41f59f9e0f35606b5d82
2026-09-29 06:58:05 START file=one-Z02J-HVP.txt creationUtc=2026-09-28T23:57:05.5246835Z lastWriteUtc=2026-09-28T23:57:05.5247389Z attempt=1/3
2026-09-29 06:58:05 DB COMMANDS completedRecords=1 file=one-Z02J-HVP.txt; this is not an affected-row count.
2026-09-29 06:58:05 DONE file=one-Z02J-HVP.txt
2026-09-29 06:58:05 SCAN END completedFiles=1 elapsedMs=2 files=1 stateCount=1 stateReloaded=True stateLoadMs=0 enumerateMs=0 sortedFiles=1 stateBytesWritten=299 stateCompactions=0
2026-09-29 06:58:05 SCAN files=1 folder=C:\Users\pusit\AppData\Local\Temp\hvp-regression-b0fb577a258b41f59f9e0f35606b5d82
2026-09-29 06:58:05 SCAN END completedFiles=0 elapsedMs=0 files=1 stateCount=1 stateReloaded=True stateLoadMs=0 enumerateMs=0 sortedFiles=0 stateBytesWritten=0 stateCompactions=0
PASS success survives processor restart without replay; source remains intact
2026-09-29 06:58:05 SCAN files=1 folder=C:\Users\pusit\AppData\Local\Temp\hvp-regression-6dde1200c3b14837a28371f04684b5e7
2026-09-29 06:58:05 START file=same-Z02J-HVP.txt creationUtc=2026-09-28T23:38:05.5292332Z lastWriteUtc=2026-09-28T23:38:05.5292854Z attempt=1/3
2026-09-29 06:58:05 DB COMMANDS completedRecords=1 file=same-Z02J-HVP.txt; this is not an affected-row count.
2026-09-29 06:58:05 DONE file=same-Z02J-HVP.txt
2026-09-29 06:58:05 SCAN END completedFiles=1 elapsedMs=2 files=1 stateCount=1 stateReloaded=True stateLoadMs=0 enumerateMs=0 sortedFiles=1 stateBytesWritten=301 stateCompactions=0
2026-09-29 06:58:05 SCAN files=1 folder=C:\Users\pusit\AppData\Local\Temp\hvp-regression-6dde1200c3b14837a28371f04684b5e7
2026-09-29 06:58:05 START file=same-Z02J-HVP.txt creationUtc=2026-09-28T23:38:05.5292332Z lastWriteUtc=2026-09-28T23:58:00.5327952Z attempt=1/3
2026-09-29 06:58:05 DB COMMANDS completedRecords=1 file=same-Z02J-HVP.txt; this is not an affected-row count.
2026-09-29 06:58:05 DONE file=same-Z02J-HVP.txt
2026-09-29 06:58:05 SCAN END completedFiles=1 elapsedMs=2 files=1 stateCount=1 stateReloaded=False stateLoadMs=0 enumerateMs=0 sortedFiles=1 stateBytesWritten=301 stateCompactions=0
PASS same pathname with changed time/content is processed again
2026-09-29 06:58:05 SCAN files=1 folder=C:\Users\pusit\AppData\Local\Temp\hvp-regression-0aa385c22a774a2cb6c876488adefa1e
2026-09-29 06:58:05 START file=header-Z02J-HVP.txt creationUtc=2026-09-28T23:57:05.5359103Z lastWriteUtc=2026-09-28T23:57:05.5359627Z attempt=1/3
2026-09-29 06:58:05 DB COMMANDS completedRecords=2 file=header-Z02J-HVP.txt; this is not an affected-row count.
2026-09-29 06:58:05 DONE file=header-Z02J-HVP.txt
2026-09-29 06:58:05 SCAN END completedFiles=1 elapsedMs=2 files=1 stateCount=1 stateReloaded=True stateLoadMs=0 enumerateMs=0 sortedFiles=1 stateBytesWritten=305 stateCompactions=0
PASS header padding and case don't lose a valid SAP export
2026-09-29 06:58:05 SCAN files=1 folder=C:\Users\pusit\AppData\Local\Temp\hvp-regression-f136586dd761498482b0b00503ec6693
2026-09-29 06:58:05 START file=short-Z02J-HVP.txt creationUtc=2026-09-28T23:57:05.5396374Z lastWriteUtc=2026-09-28T23:57:05.5397021Z attempt=1/3
2026-09-29 06:58:05 INVALID ROW file=short-Z02J-HVP.txt line=3
2026-09-29 06:58:05 FAILED file=short-Z02J-HVP.txt attempt=1/3 type=System.IO.InvalidDataException hresult=-2146233087
2026-09-29 06:58:05 Incomplete SAP row; no rows from this file have been applied.
2026-09-29 06:58:05 SCAN END completedFiles=0 elapsedMs=3 files=1 stateCount=1 stateReloaded=True stateLoadMs=0 enumerateMs=0 sortedFiles=1 stateBytesWritten=306 stateCompactions=0
PASS truncated row doesn't clear a flag or partly apply the file
2026-09-29 06:58:05 SCAN files=2 folder=C:\Users\pusit\AppData\Local\Temp\hvp-regression-8d73acbbf32e4e3dbb728da18f13ec9c
2026-09-29 06:58:05 START file=first-Z02J-HVP.txt creationUtc=2026-09-28T23:38:05.5438146Z lastWriteUtc=2026-09-28T23:38:05.5438710Z attempt=1/3
2026-09-29 06:58:05 FAILED file=first-Z02J-HVP.txt attempt=1/3 type=System.InvalidOperationException hresult=-2146233079
2026-09-29 06:58:05 SCAN END completedFiles=0 elapsedMs=2 files=2 stateCount=2 stateReloaded=True stateLoadMs=0 enumerateMs=0 sortedFiles=2 stateBytesWritten=460 stateCompactions=0
2026-09-29 06:58:05 SCAN files=2 folder=C:\Users\pusit\AppData\Local\Temp\hvp-regression-8d73acbbf32e4e3dbb728da18f13ec9c
2026-09-29 06:58:05 START file=first-Z02J-HVP.txt creationUtc=2026-09-28T23:38:05.5438146Z lastWriteUtc=2026-09-28T23:38:05.5438710Z attempt=2/3
2026-09-29 06:58:05 DB COMMANDS completedRecords=1 file=first-Z02J-HVP.txt; this is not an affected-row count.
2026-09-29 06:58:05 DONE file=first-Z02J-HVP.txt
2026-09-29 06:58:05 START file=second-Z02J-HVP.txt creationUtc=2026-09-28T23:48:05.5442094Z lastWriteUtc=2026-09-28T23:48:05.5442610Z attempt=1/3
2026-09-29 06:58:05 DB COMMANDS completedRecords=1 file=second-Z02J-HVP.txt; this is not an affected-row count.
2026-09-29 06:58:05 DONE file=second-Z02J-HVP.txt
2026-09-29 06:58:05 SCAN END completedFiles=2 elapsedMs=2 files=2 stateCount=2 stateReloaded=False stateLoadMs=0 enumerateMs=0 sortedFiles=2 stateBytesWritten=301 stateCompactions=0
PASS failed oldest file blocks later writes until retry succeeds
2026-09-29 06:58:05 SOURCE UNAVAILABLE folder=C:\Users\pusit\AppData\Local\Temp\hvp-regression-b734d3d2947b464396993eb97e3faae0\missing
2026-09-29 06:58:05 SCAN END completedFiles=0 elapsedMs=0 files=0 stateCount=0 stateReloaded=False stateLoadMs=0 enumerateMs=0 sortedFiles=0 stateBytesWritten=0 stateCompactions=0
PASS unavailable source folder has a visible failure
2026-09-29 06:58:05 DB CONFIG FAILED: set connectionStrings/Material in Z02JHVPService.exe.config.
PASS missing direct connection cannot claim successful initialization
2026-09-29 06:58:05 SCAN files=2 folder=C:\Users\pusit\AppData\Local\Temp\hvp-regression-5254750829594325bbee12ef673ef775
2026-09-29 06:58:05 START file=old-Z02J-HVP.txt creationUtc=2026-09-28T23:28:05.5525158Z lastWriteUtc=2026-09-28T23:28:05.5525736Z attempt=1/3
2026-09-29 06:58:05 DB COMMANDS completedRecords=1 file=old-Z02J-HVP.txt; this is not an affected-row count.
2026-09-29 06:58:05 DONE file=old-Z02J-HVP.txt
2026-09-29 06:58:05 START file=new-Z02J-HVP.txt creationUtc=2026-09-28T23:38:05.5527702Z lastWriteUtc=2026-09-28T23:38:05.5528186Z attempt=1/3
2026-09-29 06:58:05 DB COMMANDS completedRecords=1 file=new-Z02J-HVP.txt; this is not an affected-row count.
2026-09-29 06:58:05 DONE file=new-Z02J-HVP.txt
2026-09-29 06:58:05 SCAN END completedFiles=2 elapsedMs=3 files=2 stateCount=2 stateReloaded=True stateLoadMs=0 enumerateMs=0 sortedFiles=2 stateBytesWritten=598 stateCompactions=0
2026-09-29 06:58:05 SCAN files=2 folder=C:\Users\pusit\AppData\Local\Temp\hvp-regression-5254750829594325bbee12ef673ef775
2026-09-29 06:58:05 START file=old-Z02J-HVP.txt creationUtc=2026-09-28T23:28:05.5525158Z lastWriteUtc=2026-09-28T23:58:00.5567917Z attempt=1/3
2026-09-29 06:58:05 DB COMMANDS completedRecords=1 file=old-Z02J-HVP.txt; this is not an affected-row count.
2026-09-29 06:58:05 DONE file=old-Z02J-HVP.txt
2026-09-29 06:58:05 START file=new-Z02J-HVP.txt creationUtc=2026-09-28T23:38:05.5527702Z lastWriteUtc=2026-09-28T23:38:05.5528186Z attempt=1/3
2026-09-29 06:58:05 FAILED file=new-Z02J-HVP.txt attempt=1/3 type=System.InvalidOperationException hresult=-2146233079
2026-09-29 06:58:05 SCAN END completedFiles=1 elapsedMs=2 files=2 stateCount=2 stateReloaded=True stateLoadMs=0 enumerateMs=0 sortedFiles=2 stateBytesWritten=601 stateCompactions=0
2026-09-29 06:58:05 SCAN files=2 folder=C:\Users\pusit\AppData\Local\Temp\hvp-regression-5254750829594325bbee12ef673ef775
2026-09-29 06:58:05 START file=new-Z02J-HVP.txt creationUtc=2026-09-28T23:38:05.5527702Z lastWriteUtc=2026-09-28T23:38:05.5528186Z attempt=2/3
2026-09-29 06:58:05 DB COMMANDS completedRecords=1 file=new-Z02J-HVP.txt; this is not an affected-row count.
2026-09-29 06:58:05 DONE file=new-Z02J-HVP.txt
2026-09-29 06:58:05 SCAN END completedFiles=1 elapsedMs=1 files=2 stateCount=2 stateReloaded=True stateLoadMs=0 enumerateMs=0 sortedFiles=1 stateBytesWritten=148 stateCompactions=0
PASS changed older file replays later files, including a failed replay after restart
PASS concurrent process cannot enter the same checkpoint job
PASS SQL applies by material only, never plant/sloc
2026-09-29 06:58:05 SCAN files=2 folder=C:\Users\pusit\AppData\Local\Temp\hvp-regression-c51dcb1d840447998add38035ef84dde
2026-09-29 06:58:05 START file=bad-Z02J-HVP.txt creationUtc=2026-09-28T23:38:05.5641837Z lastWriteUtc=2026-09-28T23:38:05.5642398Z attempt=1/3
2026-09-29 06:58:05 FAILED file=bad-Z02J-HVP.txt attempt=1/3 type=System.InvalidOperationException hresult=-2146233079
2026-09-29 06:58:05 SCAN END completedFiles=0 elapsedMs=2 files=2 stateCount=2 stateReloaded=True stateLoadMs=0 enumerateMs=0 sortedFiles=2 stateBytesWritten=454 stateCompactions=0
2026-09-29 06:58:05 SCAN files=2 folder=C:\Users\pusit\AppData\Local\Temp\hvp-regression-c51dcb1d840447998add38035ef84dde
2026-09-29 06:58:05 START file=bad-Z02J-HVP.txt creationUtc=2026-09-28T23:38:05.5641837Z lastWriteUtc=2026-09-28T23:38:05.5642398Z attempt=2/3
2026-09-29 06:58:05 FAILED file=bad-Z02J-HVP.txt attempt=2/3 type=System.InvalidOperationException hresult=-2146233079
2026-09-29 06:58:05 SCAN END completedFiles=0 elapsedMs=1 files=2 stateCount=2 stateReloaded=True stateLoadMs=0 enumerateMs=0 sortedFiles=2 stateBytesWritten=151 stateCompactions=0
2026-09-29 06:58:05 SCAN files=2 folder=C:\Users\pusit\AppData\Local\Temp\hvp-regression-c51dcb1d840447998add38035ef84dde
2026-09-29 06:58:05 START file=bad-Z02J-HVP.txt creationUtc=2026-09-28T23:38:05.5641837Z lastWriteUtc=2026-09-28T23:38:05.5642398Z attempt=3/3
2026-09-29 06:58:05 FAILED file=bad-Z02J-HVP.txt attempt=3/3 type=System.InvalidOperationException hresult=-2146233079
2026-09-29 06:58:05 SKIP file=bad-Z02J-HVP.txt; attempt limit reached; input unchanged.
2026-09-29 06:58:05 START file=next-Z02J-HVP.txt creationUtc=2026-09-28T23:48:05.5644853Z lastWriteUtc=2026-09-28T23:48:05.5645322Z attempt=1/3
2026-09-29 06:58:05 DB COMMANDS completedRecords=1 file=next-Z02J-HVP.txt; this is not an affected-row count.
2026-09-29 06:58:05 DONE file=next-Z02J-HVP.txt
2026-09-29 06:58:05 SCAN END completedFiles=1 elapsedMs=2 files=2 stateCount=2 stateReloaded=True stateLoadMs=0 enumerateMs=0 sortedFiles=2 stateBytesWritten=300 stateCompactions=0
2026-09-29 06:58:05 SCAN files=2 folder=C:\Users\pusit\AppData\Local\Temp\hvp-regression-c51dcb1d840447998add38035ef84dde
2026-09-29 06:58:05 SCAN END completedFiles=0 elapsedMs=0 files=2 stateCount=2 stateReloaded=True stateLoadMs=0 enumerateMs=0 sortedFiles=0 stateBytesWritten=0 stateCompactions=0
2026-09-29 06:58:05 SCAN files=2 folder=C:\Users\pusit\AppData\Local\Temp\hvp-regression-c51dcb1d840447998add38035ef84dde
2026-09-29 06:58:05 START file=bad-Z02J-HVP.txt creationUtc=2026-09-28T23:38:05.5641837Z lastWriteUtc=2026-09-28T23:58:03.5724636Z attempt=1/3
2026-09-29 06:58:05 DB COMMANDS completedRecords=1 file=bad-Z02J-HVP.txt; this is not an affected-row count.
2026-09-29 06:58:05 DONE file=bad-Z02J-HVP.txt
2026-09-29 06:58:05 START file=next-Z02J-HVP.txt creationUtc=2026-09-28T23:48:05.5644853Z lastWriteUtc=2026-09-28T23:48:05.5645322Z attempt=1/3
2026-09-29 06:58:05 DB COMMANDS completedRecords=1 file=next-Z02J-HVP.txt; this is not an affected-row count.
2026-09-29 06:58:05 DONE file=next-Z02J-HVP.txt
2026-09-29 06:58:05 SCAN END completedFiles=2 elapsedMs=2 files=2 stateCount=2 stateReloaded=True stateLoadMs=0 enumerateMs=0 sortedFiles=2 stateBytesWritten=600 stateCompactions=0
PASS third failure skips persistently and continues to the next file
2026-09-29 06:58:05 SCAN files=2 folder=C:\Users\pusit\AppData\Local\Temp\hvp-regression-3e4655749230418084a09406c74e34b8
2026-09-29 06:58:05 START file=bad-Z02J-HVP.txt creationUtc=2026-09-28T23:38:05.5760824Z lastWriteUtc=2026-09-28T23:38:05.5761424Z attempt=1/1
2026-09-29 06:58:05 FAILED file=bad-Z02J-HVP.txt attempt=1/1 type=System.InvalidOperationException hresult=-2146233079
2026-09-29 06:58:05 SKIP file=bad-Z02J-HVP.txt; attempt limit reached; input unchanged.
2026-09-29 06:58:05 START file=next-Z02J-HVP.txt creationUtc=2026-09-28T23:48:05.5763349Z lastWriteUtc=2026-09-28T23:48:05.5763806Z attempt=1/1
2026-09-29 06:58:05 DB COMMANDS completedRecords=1 file=next-Z02J-HVP.txt; this is not an affected-row count.
2026-09-29 06:58:05 DONE file=next-Z02J-HVP.txt
2026-09-29 06:58:05 SCAN END completedFiles=1 elapsedMs=3 files=2 stateCount=2 stateReloaded=True stateLoadMs=0 enumerateMs=0 sortedFiles=2 stateBytesWritten=603 stateCompactions=0
PASS configured attempt limit 1
2026-09-29 06:58:05 SCAN files=2 folder=C:\Users\pusit\AppData\Local\Temp\hvp-regression-12c7e5b30034429880c508efb95c59a8
2026-09-29 06:58:05 START file=bad-Z02J-HVP.txt creationUtc=2026-09-28T23:38:05.5810797Z lastWriteUtc=2026-09-28T23:38:05.5811316Z attempt=1/2
2026-09-29 06:58:05 FAILED file=bad-Z02J-HVP.txt attempt=1/2 type=System.InvalidOperationException hresult=-2146233079
2026-09-29 06:58:05 SCAN END completedFiles=0 elapsedMs=2 files=2 stateCount=2 stateReloaded=True stateLoadMs=0 enumerateMs=0 sortedFiles=2 stateBytesWritten=454 stateCompactions=0
2026-09-29 06:58:05 SCAN files=2 folder=C:\Users\pusit\AppData\Local\Temp\hvp-regression-12c7e5b30034429880c508efb95c59a8
2026-09-29 06:58:05 START file=bad-Z02J-HVP.txt creationUtc=2026-09-28T23:38:05.5810797Z lastWriteUtc=2026-09-28T23:38:05.5811316Z attempt=2/2
2026-09-29 06:58:05 FAILED file=bad-Z02J-HVP.txt attempt=2/2 type=System.InvalidOperationException hresult=-2146233079
2026-09-29 06:58:05 SKIP file=bad-Z02J-HVP.txt; attempt limit reached; input unchanged.
2026-09-29 06:58:05 START file=next-Z02J-HVP.txt creationUtc=2026-09-28T23:48:05.5814687Z lastWriteUtc=2026-09-28T23:48:05.5815191Z attempt=1/2
2026-09-29 06:58:05 DB COMMANDS completedRecords=1 file=next-Z02J-HVP.txt; this is not an affected-row count.
2026-09-29 06:58:05 DONE file=next-Z02J-HVP.txt
2026-09-29 06:58:05 SCAN END completedFiles=1 elapsedMs=2 files=2 stateCount=2 stateReloaded=True stateLoadMs=0 enumerateMs=0 sortedFiles=2 stateBytesWritten=300 stateCompactions=0
PASS configured attempt limit 2
2026-09-29 06:58:05 SCAN files=2 folder=C:\Users\pusit\AppData\Local\Temp\hvp-regression-9b658d5d7704442983750a04dd6708d4
2026-09-29 06:58:05 START file=bad-Z02J-HVP.txt creationUtc=2026-09-28T23:38:05.5874203Z lastWriteUtc=2026-09-28T23:38:05.5874699Z attempt=1/3
2026-09-29 06:58:05 FAILED file=bad-Z02J-HVP.txt attempt=1/3 type=System.InvalidOperationException hresult=-2146233079
2026-09-29 06:58:05 SCAN END completedFiles=0 elapsedMs=2 files=2 stateCount=2 stateReloaded=True stateLoadMs=0 enumerateMs=0 sortedFiles=2 stateBytesWritten=454 stateCompactions=0
2026-09-29 06:58:05 SCAN files=2 folder=C:\Users\pusit\AppData\Local\Temp\hvp-regression-9b658d5d7704442983750a04dd6708d4
2026-09-29 06:58:05 START file=bad-Z02J-HVP.txt creationUtc=2026-09-28T23:38:05.5874203Z lastWriteUtc=2026-09-28T23:38:05.5874699Z attempt=2/3
2026-09-29 06:58:05 FAILED file=bad-Z02J-HVP.txt attempt=2/3 type=System.InvalidOperationException hresult=-2146233079
2026-09-29 06:58:05 SCAN END completedFiles=0 elapsedMs=1 files=2 stateCount=2 stateReloaded=True stateLoadMs=0 enumerateMs=0 sortedFiles=2 stateBytesWritten=151 stateCompactions=0
2026-09-29 06:58:05 SCAN files=2 folder=C:\Users\pusit\AppData\Local\Temp\hvp-regression-9b658d5d7704442983750a04dd6708d4
2026-09-29 06:58:05 START file=bad-Z02J-HVP.txt creationUtc=2026-09-28T23:38:05.5874203Z lastWriteUtc=2026-09-28T23:38:05.5874699Z attempt=3/3
2026-09-29 06:58:05 FAILED file=bad-Z02J-HVP.txt attempt=3/3 type=System.InvalidOperationException hresult=-2146233079
2026-09-29 06:58:05 SKIP file=bad-Z02J-HVP.txt; attempt limit reached; input unchanged.
2026-09-29 06:58:05 START file=next-Z02J-HVP.txt creationUtc=2026-09-28T23:48:05.5878495Z lastWriteUtc=2026-09-28T23:48:05.5878998Z attempt=1/3
2026-09-29 06:58:05 DB COMMANDS completedRecords=1 file=next-Z02J-HVP.txt; this is not an affected-row count.
2026-09-29 06:58:05 DONE file=next-Z02J-HVP.txt
2026-09-29 06:58:05 SCAN END completedFiles=1 elapsedMs=1 files=2 stateCount=2 stateReloaded=True stateLoadMs=0 enumerateMs=0 sortedFiles=2 stateBytesWritten=300 stateCompactions=0
PASS configured attempt limit bad
2026-09-29 06:58:05 SCAN files=2 folder=C:\Users\pusit\AppData\Local\Temp\hvp-regression-83a936caae1742aeb97ab981ae7f633f
2026-09-29 06:58:05 START file=bad-Z02J-HVP.txt creationUtc=2026-09-28T23:38:05.5951205Z lastWriteUtc=2026-09-28T23:38:05.5951797Z attempt=1/3
2026-09-29 06:58:05 FAILED file=bad-Z02J-HVP.txt attempt=1/3 type=System.InvalidOperationException hresult=-2146233079
2026-09-29 06:58:05 SCAN END completedFiles=0 elapsedMs=2 files=2 stateCount=2 stateReloaded=True stateLoadMs=0 enumerateMs=0 sortedFiles=2 stateBytesWritten=454 stateCompactions=0
2026-09-29 06:58:05 SCAN files=2 folder=C:\Users\pusit\AppData\Local\Temp\hvp-regression-83a936caae1742aeb97ab981ae7f633f
2026-09-29 06:58:05 START file=bad-Z02J-HVP.txt creationUtc=2026-09-28T23:38:05.5951205Z lastWriteUtc=2026-09-28T23:38:05.5951797Z attempt=2/3
2026-09-29 06:58:05 FAILED file=bad-Z02J-HVP.txt attempt=2/3 type=System.InvalidOperationException hresult=-2146233079
2026-09-29 06:58:05 SCAN END completedFiles=0 elapsedMs=1 files=2 stateCount=2 stateReloaded=True stateLoadMs=0 enumerateMs=0 sortedFiles=2 stateBytesWritten=151 stateCompactions=0
2026-09-29 06:58:05 SCAN files=2 folder=C:\Users\pusit\AppData\Local\Temp\hvp-regression-83a936caae1742aeb97ab981ae7f633f
2026-09-29 06:58:05 START file=bad-Z02J-HVP.txt creationUtc=2026-09-28T23:38:05.5951205Z lastWriteUtc=2026-09-28T23:38:05.5951797Z attempt=3/3
2026-09-29 06:58:05 FAILED file=bad-Z02J-HVP.txt attempt=3/3 type=System.InvalidOperationException hresult=-2146233079
2026-09-29 06:58:05 SKIP file=bad-Z02J-HVP.txt; attempt limit reached; input unchanged.
2026-09-29 06:58:05 START file=next-Z02J-HVP.txt creationUtc=2026-09-28T23:48:05.5953613Z lastWriteUtc=2026-09-28T23:48:05.5954225Z attempt=1/3
2026-09-29 06:58:05 DB COMMANDS completedRecords=1 file=next-Z02J-HVP.txt; this is not an affected-row count.
2026-09-29 06:58:05 DONE file=next-Z02J-HVP.txt
2026-09-29 06:58:05 SCAN END completedFiles=1 elapsedMs=2 files=2 stateCount=2 stateReloaded=True stateLoadMs=0 enumerateMs=0 sortedFiles=2 stateBytesWritten=300 stateCompactions=0
PASS configured attempt limit 0
2026-09-29 06:58:05 SCAN files=2 folder=C:\Users\pusit\AppData\Local\Temp\hvp-regression-c5a852a423e34187804811bc0aea7633
2026-09-29 06:58:05 START file=bad-Z02J-HVP.txt creationUtc=2026-09-28T23:38:05.6025935Z lastWriteUtc=2026-09-28T23:38:05.6026446Z attempt=1/3
2026-09-29 06:58:05 FAILED file=bad-Z02J-HVP.txt attempt=1/3 type=System.InvalidOperationException hresult=-2146233079
2026-09-29 06:58:05 SCAN END completedFiles=0 elapsedMs=2 files=2 stateCount=2 stateReloaded=True stateLoadMs=0 enumerateMs=0 sortedFiles=2 stateBytesWritten=454 stateCompactions=0
2026-09-29 06:58:05 SCAN files=2 folder=C:\Users\pusit\AppData\Local\Temp\hvp-regression-c5a852a423e34187804811bc0aea7633
2026-09-29 06:58:05 START file=bad-Z02J-HVP.txt creationUtc=2026-09-28T23:38:05.6025935Z lastWriteUtc=2026-09-28T23:38:05.6026446Z attempt=2/3
2026-09-29 06:58:05 FAILED file=bad-Z02J-HVP.txt attempt=2/3 type=System.InvalidOperationException hresult=-2146233079
2026-09-29 06:58:05 SCAN END completedFiles=0 elapsedMs=1 files=2 stateCount=2 stateReloaded=True stateLoadMs=0 enumerateMs=0 sortedFiles=2 stateBytesWritten=151 stateCompactions=0
2026-09-29 06:58:05 SCAN files=2 folder=C:\Users\pusit\AppData\Local\Temp\hvp-regression-c5a852a423e34187804811bc0aea7633
2026-09-29 06:58:05 START file=bad-Z02J-HVP.txt creationUtc=2026-09-28T23:38:05.6025935Z lastWriteUtc=2026-09-28T23:38:05.6026446Z attempt=3/3
2026-09-29 06:58:05 FAILED file=bad-Z02J-HVP.txt attempt=3/3 type=System.InvalidOperationException hresult=-2146233079
2026-09-29 06:58:05 SKIP file=bad-Z02J-HVP.txt; attempt limit reached; input unchanged.
2026-09-29 06:58:05 START file=next-Z02J-HVP.txt creationUtc=2026-09-28T23:48:05.6029127Z lastWriteUtc=2026-09-28T23:48:05.6029661Z attempt=1/3
2026-09-29 06:58:05 DB COMMANDS completedRecords=1 file=next-Z02J-HVP.txt; this is not an affected-row count.
2026-09-29 06:58:05 DONE file=next-Z02J-HVP.txt
2026-09-29 06:58:05 SCAN END completedFiles=1 elapsedMs=2 files=2 stateCount=2 stateReloaded=True stateLoadMs=0 enumerateMs=0 sortedFiles=2 stateBytesWritten=300 stateCompactions=0
PASS configured attempt limit -1
2026-09-29 06:58:05 SCAN files=1 folder=C:\Users\pusit\AppData\Local\Temp\hvp-regression-4ac56b44a2cf45cdbbe2366a46653adc
2026-09-29 06:58:05 SCAN END completedFiles=0 elapsedMs=0 files=1 stateCount=1 stateReloaded=True stateLoadMs=0 enumerateMs=0 sortedFiles=0 stateBytesWritten=0 stateCompactions=0
PASS legacy four-column checkpoint remains compatible
2026-09-29 06:58:05 SCAN files=3 folder=C:\Users\pusit\AppData\Local\Temp\hvp-regression-aa66180cef884d1f865fd2f45afea837
2026-09-29 06:58:05 START file=a-Z02J-HVP.txt creationUtc=2026-09-28T23:28:05.6128447Z lastWriteUtc=2026-09-28T23:28:05.6129050Z attempt=1/3
2026-09-29 06:58:05 DB COMMANDS completedRecords=1 file=a-Z02J-HVP.txt; this is not an affected-row count.
2026-09-29 06:58:05 DONE file=a-Z02J-HVP.txt
2026-09-29 06:58:05 DEFER file=b-Z02J-HVP.txt; changed since scan; reorder next scan.
2026-09-29 06:58:05 SCAN END completedFiles=1 elapsedMs=2 files=3 stateCount=3 stateReloaded=True stateLoadMs=0 enumerateMs=0 sortedFiles=3 stateBytesWritten=593 stateCompactions=0
2026-09-29 06:58:05 SCAN files=3 folder=C:\Users\pusit\AppData\Local\Temp\hvp-regression-aa66180cef884d1f865fd2f45afea837
2026-09-29 06:58:05 START file=c-Z02J-HVP.txt creationUtc=2026-09-28T23:48:05.6136294Z lastWriteUtc=2026-09-28T23:48:05.6136993Z attempt=1/3
2026-09-29 06:58:05 DB COMMANDS completedRecords=1 file=c-Z02J-HVP.txt; this is not an affected-row count.
2026-09-29 06:58:05 DONE file=c-Z02J-HVP.txt
2026-09-29 06:58:05 START file=b-Z02J-HVP.txt creationUtc=2026-09-28T23:58:05.6159734Z lastWriteUtc=2026-09-28T23:58:05.6160506Z attempt=1/3
2026-09-29 06:58:05 DB COMMANDS completedRecords=1 file=b-Z02J-HVP.txt; this is not an affected-row count.
2026-09-29 06:58:05 DONE file=b-Z02J-HVP.txt
2026-09-29 06:58:05 SCAN END completedFiles=2 elapsedMs=2 files=3 stateCount=3 stateReloaded=True stateLoadMs=0 enumerateMs=0 sortedFiles=2 stateBytesWritten=441 stateCompactions=0
2026-09-29 06:58:05 SCAN files=3 folder=C:\Users\pusit\AppData\Local\Temp\hvp-regression-aa66180cef884d1f865fd2f45afea837
2026-09-29 06:58:05 SCAN END completedFiles=0 elapsedMs=0 files=3 stateCount=3 stateReloaded=True stateLoadMs=0 enumerateMs=0 sortedFiles=0 stateBytesWritten=0 stateCompactions=0
PASS changed queued file is deferred and reordered newer
2026-09-29 06:58:05 SCAN files=3 folder=C:\Users\pusit\AppData\Local\Temp\hvp-regression-93cc9c1c64bc4d899e56f15786470061
2026-09-29 06:58:05 START file=a-Z02J-HVP.txt creationUtc=2026-09-28T23:28:05.6213515Z lastWriteUtc=2026-09-28T23:28:05.6214107Z attempt=1/3
2026-09-29 06:58:05 DB COMMANDS completedRecords=1 file=a-Z02J-HVP.txt; this is not an affected-row count.
2026-09-29 06:58:05 DONE file=a-Z02J-HVP.txt
2026-09-29 06:58:05 DEFER file=b-Z02J-HVP.txt; changed since scan; reorder next scan.
2026-09-29 06:58:05 SCAN END completedFiles=1 elapsedMs=2 files=3 stateCount=3 stateReloaded=True stateLoadMs=0 enumerateMs=0 sortedFiles=3 stateBytesWritten=593 stateCompactions=0
2026-09-29 06:58:05 SCAN files=3 folder=C:\Users\pusit\AppData\Local\Temp\hvp-regression-93cc9c1c64bc4d899e56f15786470061
2026-09-29 06:58:05 START file=b-Z02J-HVP.txt creationUtc=2026-09-28T23:18:05.6240817Z lastWriteUtc=2026-09-28T23:58:05.6241921Z attempt=1/3
2026-09-29 06:58:05 DB COMMANDS completedRecords=1 file=b-Z02J-HVP.txt; this is not an affected-row count.
2026-09-29 06:58:05 DONE file=b-Z02J-HVP.txt
2026-09-29 06:58:05 START file=a-Z02J-HVP.txt creationUtc=2026-09-28T23:28:05.6213515Z lastWriteUtc=2026-09-28T23:28:05.6214107Z attempt=1/3
2026-09-29 06:58:05 DB COMMANDS completedRecords=1 file=a-Z02J-HVP.txt; this is not an affected-row count.
2026-09-29 06:58:05 DONE file=a-Z02J-HVP.txt
2026-09-29 06:58:05 START file=c-Z02J-HVP.txt creationUtc=2026-09-28T23:48:05.6219874Z lastWriteUtc=2026-09-28T23:48:05.6220367Z attempt=1/3
2026-09-29 06:58:05 DB COMMANDS completedRecords=1 file=c-Z02J-HVP.txt; this is not an affected-row count.
2026-09-29 06:58:05 DONE file=c-Z02J-HVP.txt
2026-09-29 06:58:05 SCAN END completedFiles=3 elapsedMs=3 files=3 stateCount=3 stateReloaded=True stateLoadMs=0 enumerateMs=0 sortedFiles=3 stateBytesWritten=736 stateCompactions=0
2026-09-29 06:58:05 SCAN files=3 folder=C:\Users\pusit\AppData\Local\Temp\hvp-regression-93cc9c1c64bc4d899e56f15786470061
2026-09-29 06:58:05 SCAN END completedFiles=0 elapsedMs=0 files=3 stateCount=3 stateReloaded=True stateLoadMs=0 enumerateMs=0 sortedFiles=0 stateBytesWritten=0 stateCompactions=0
PASS changed queued file is deferred and reordered older
2026-09-29 06:58:05 RETENTION TEST
PASS retention deletes expired filename dates and keeps boundary/current/future logs
2026-09-29 06:58:05 RETENTION SCOPE TEST
PASS retention only deletes exact daily log filenames in State
2026-09-29 06:58:05 RETENTION SOURCE DIRECTORY TEST
PASS retention skips cleanup when State is the SAP source directory
2026-09-29 06:58:05 RETENTION DEFAULT TEST
PASS retention uses 30-day default for missing config
2026-09-29 06:58:05 RETENTION DEFAULT TEST
PASS retention uses 30-day default for bad
2026-09-29 06:58:05 RETENTION DEFAULT TEST
PASS retention uses 30-day default for -1
2026-09-29 06:58:05 RETENTION DEFAULT TEST
PASS retention uses 30-day default for 2147483648
2026-09-29 06:58:05 RETENTION CONFIG TEST
PASS retention honors a configured positive number of days
2026-09-29 06:58:05 RETENTION DISABLED TEST
PASS retention zero disables cleanup while logging continues
2026-09-29 06:58:05 RETENTION LARGE CONFIG TEST
PASS retention very large positive setting does not overflow the cutoff
2026-09-29 06:58:05 RETENTION FIRST DIRECTORY
2026-09-29 06:58:05 RETENTION SAME DAY
2026-09-29 06:58:05 RETENTION SECOND DIRECTORY
2026-09-29 06:58:05 RETENTION RETURN TO FIRST
PASS retention runs once per day for each State directory
2026-09-29 06:58:05 RETENTION PREVIOUS DAY
2026-09-29 06:58:05 RETENTION NEXT DAY
PASS retention retries cleanup on the next local calendar day
2026-09-29 06:58:05 RETENTION CONTINUES AFTER FAILURE
2026-09-29 06:58:05 LOG CLEANUP FAILED; check State log permissions.
2026-09-29 06:58:05 RETENTION NO SAME DAY RETRY
PASS retention cleanup failure is sanitized and does not prevent writes or other deletions
2026-09-29 06:58:05 RETENTION REPARSE CHILD TEST
2026-09-29 06:58:05 RETENTION REPARSE STATE TEST
2026-09-29 06:58:05 RETENTION REPARSE ANCESTOR TEST
PASS retention skips reparse directories including State and its ancestors
2026-09-29 06:58:05 RETENTION CULTURE TEST
PASS retention uses Gregorian daily filenames regardless of process culture
2026-09-29 06:58:05 SCAN files=1 folder=C:\Users\pusit\AppData\Local\Temp\hvp-regression-e2f1efe00cd0417eb6587cd3e303fc77
2026-09-29 06:58:05 SCAN END completedFiles=0 elapsedMs=0 files=1 stateCount=1 stateReloaded=True stateLoadMs=0 enumerateMs=0 sortedFiles=0 stateBytesWritten=0 stateCompactions=0
PASS row-count compaction preserves the last committed state and bounds duplicate history
PASS daily compaction keeps pending attempts and does not run for every following append
PASS failed append invalidates uncommitted cached success
2026-09-29 06:58:05 SCAN files=1 folder=C:\Users\pusit\AppData\Local\Temp\hvp-regression-5c99c34b50bb4e2db36576def0d1d28d
2026-09-29 06:58:05 SCAN END completedFiles=0 elapsedMs=1 files=1 stateCount=1 stateReloaded=True stateLoadMs=1 enumerateMs=0 sortedFiles=0 stateBytesWritten=0 stateCompactions=0
PASS failed compaction leaves the appended result recoverable and ignores stale temp files
2026-09-29 06:58:05 STATE RECOVERED discardedUnterminatedBytes=137
2026-09-29 06:58:05 SCAN files=3 folder=C:\Users\pusit\AppData\Local\Temp\hvp-regression-77092edc469c4828ac87b69c17b7f0bf
2026-09-29 06:58:05 START file=A-Z02J-HVP.txt creationUtc=2026-09-28T23:28:05.7305277Z lastWriteUtc=2026-09-28T23:58:05.7295033Z attempt=1/3
2026-09-29 06:58:05 DB COMMANDS completedRecords=1 file=A-Z02J-HVP.txt; this is not an affected-row count.
2026-09-29 06:58:05 DONE file=A-Z02J-HVP.txt
2026-09-29 06:58:05 START file=B-Z02J-HVP.txt creationUtc=2026-09-28T23:38:05.7306477Z lastWriteUtc=2026-09-28T23:58:05.7300058Z attempt=1/3
2026-09-29 06:58:05 DB COMMANDS completedRecords=1 file=B-Z02J-HVP.txt; this is not an affected-row count.
2026-09-29 06:58:05 DONE file=B-Z02J-HVP.txt
2026-09-29 06:58:05 START file=C-Z02J-HVP.txt creationUtc=2026-09-28T23:48:05.7307063Z lastWriteUtc=2026-09-28T23:58:05.7300058Z attempt=1/3
2026-09-29 06:58:05 DB COMMANDS completedRecords=1 file=C-Z02J-HVP.txt; this is not an affected-row count.
2026-09-29 06:58:05 DONE file=C-Z02J-HVP.txt
2026-09-29 06:58:05 SCAN END completedFiles=3 elapsedMs=5 files=3 stateCount=3 stateReloaded=True stateLoadMs=1 enumerateMs=0 sortedFiles=3 stateBytesWritten=736 stateCompactions=0
PASS partial pending tail before a crash is rebuilt before any DB write
2026-09-29 06:58:05 SCAN files=1 folder=C:\Users\pusit\AppData\Local\Temp\hvp-regression-60ed9b37de974f4282331c8278da93ef
2026-09-29 06:58:05 SCAN END completedFiles=0 elapsedMs=1 files=1 stateCount=1 stateReloaded=True stateLoadMs=0 enumerateMs=1 sortedFiles=0 stateBytesWritten=0 stateCompactions=0
PASS atomic replacement failure preserves main checkpoint and ignores a completed temp snapshot
2026-09-29 06:58:05 SCAN files=1 folder=C:\Users\pusit\AppData\Local\Temp\hvp-regression-c875fc3d91df46fc901caa0ca3791c69
2026-09-29 06:58:05 START file=M1-Z02J-HVP.txt creationUtc=2026-09-28T23:58:05.7448172Z lastWriteUtc=2026-09-28T23:58:05.7448172Z attempt=1/3
2026-09-29 06:58:05 DB COMMANDS completedRecords=1 file=M1-Z02J-HVP.txt; this is not an affected-row count.
2026-09-29 06:58:05 DONE file=M1-Z02J-HVP.txt
2026-09-29 06:58:05 SCAN END completedFiles=1 elapsedMs=2 files=1 stateCount=1 stateReloaded=True stateLoadMs=0 enumerateMs=0 sortedFiles=1 stateBytesWritten=297 stateCompactions=0
2026-09-29 06:58:05 SCAN files=1 folder=C:\Users\pusit\AppData\Local\Temp\hvp-regression-c875fc3d91df46fc901caa0ca3791c69
2026-09-29 06:58:05 SCAN END completedFiles=0 elapsedMs=0 files=1 stateCount=1 stateReloaded=False stateLoadMs=0 enumerateMs=0 sortedFiles=0 stateBytesWritten=0 stateCompactions=0
PASS unchanged warm scan does not reopen checkpoint content
2026-09-29 06:58:05 SCAN files=1 folder=C:\Users\pusit\AppData\Local\Temp\hvp-regression-da43d99e2b43422cbe3276eae456f2e7
2026-09-29 06:58:05 START file=M1-Z02J-HVP.txt creationUtc=2026-09-28T23:58:05.7579810Z lastWriteUtc=2026-09-28T23:58:05.7579810Z attempt=1/3
2026-09-29 06:58:05 DB COMMANDS completedRecords=1 file=M1-Z02J-HVP.txt; this is not an affected-row count.
2026-09-29 06:58:05 DONE file=M1-Z02J-HVP.txt
2026-09-29 06:58:05 SCAN END completedFiles=1 elapsedMs=8 files=1 stateCount=10001 stateReloaded=True stateLoadMs=3 enumerateMs=0 sortedFiles=1 stateBytesWritten=297 stateCompactions=0
2026-09-29 06:58:05 SCAN files=1 folder=C:\Users\pusit\AppData\Local\Temp\hvp-regression-da43d99e2b43422cbe3276eae456f2e7
2026-09-29 06:58:05 SCAN END completedFiles=0 elapsedMs=8 files=1 stateCount=10001 stateReloaded=True stateLoadMs=8 enumerateMs=0 sortedFiles=0 stateBytesWritten=0 stateCompactions=0
PASS large history receives bounded appended updates for a new file
2026-09-29 06:58:05 STATE RECOVERED discardedUnterminatedBytes=143
2026-09-29 06:58:05 SCAN files=2 folder=C:\Users\pusit\AppData\Local\Temp\hvp-regression-1a1d7090b4834740acbd6502dc5d815a
2026-09-29 06:58:05 START file=PENDING-Z02J-HVP.txt creationUtc=2026-09-28T23:58:05.7888956Z lastWriteUtc=2026-09-28T23:58:05.7888956Z attempt=1/3
2026-09-29 06:58:05 DB COMMANDS completedRecords=1 file=PENDING-Z02J-HVP.txt; this is not an affected-row count.
2026-09-29 06:58:05 DONE file=PENDING-Z02J-HVP.txt
2026-09-29 06:58:05 SCAN END completedFiles=1 elapsedMs=3 files=2 stateCount=2 stateReloaded=True stateLoadMs=1 enumerateMs=0 sortedFiles=1 stateBytesWritten=307 stateCompactions=0
PASS unterminated append resembling a legacy done row cannot hide pending work
2026-09-29 06:58:05 SCAN END completedFiles=0 elapsedMs=0 files=0 stateCount=0 stateReloaded=False stateLoadMs=0 enumerateMs=0 sortedFiles=0 stateBytesWritten=0 stateCompactions=0
PASS complete malformed checkpoint record fails before DB writes
2026-09-29 06:58:05 SCAN files=1 folder=C:\Users\pusit\AppData\Local\Temp\hvp-regression-99dd36982cbf4dc9a26aaf32fa7ae6f7
2026-09-29 06:58:05 START file=M1-Z02J-HVP.txt creationUtc=2026-09-28T23:58:05.7970579Z lastWriteUtc=2026-09-28T23:58:05.7975604Z attempt=1/3
2026-09-29 06:58:05 DB COMMANDS completedRecords=1 file=M1-Z02J-HVP.txt; this is not an affected-row count.
2026-09-29 06:58:05 DONE file=M1-Z02J-HVP.txt
2026-09-29 06:58:05 SCAN END completedFiles=1 elapsedMs=2 files=1 stateCount=1 stateReloaded=True stateLoadMs=0 enumerateMs=0 sortedFiles=1 stateBytesWritten=297 stateCompactions=0
2026-09-29 06:58:05 SCAN END completedFiles=0 elapsedMs=0 files=0 stateCount=0 stateReloaded=False stateLoadMs=0 enumerateMs=0 sortedFiles=0 stateBytesWritten=0 stateCompactions=0
PASS external checkpoint change invalidates a warm cache
2026-09-29 06:58:05 SCAN files=1 folder=C:\Users\pusit\AppData\Local\Temp\hvp-regression-1d8ef45ac3704df3aa04f3b22f91cbce
2026-09-29 06:58:05 START file=M1-Z02J-HVP.txt creationUtc=2026-09-28T23:58:05.8016779Z lastWriteUtc=2026-09-28T23:58:05.8016779Z attempt=1/3
2026-09-29 06:58:05 DB COMMANDS completedRecords=1 file=M1-Z02J-HVP.txt; this is not an affected-row count.
2026-09-29 06:58:05 DONE file=M1-Z02J-HVP.txt
2026-09-29 06:58:05 SCAN END completedFiles=1 elapsedMs=2 files=1 stateCount=1 stateReloaded=True stateLoadMs=0 enumerateMs=0 sortedFiles=1 stateBytesWritten=297 stateCompactions=0
2026-09-29 06:58:05 SCAN files=1 folder=C:\Users\pusit\AppData\Local\Temp\hvp-regression-1d8ef45ac3704df3aa04f3b22f91cbce
2026-09-29 06:58:05 SCAN END completedFiles=0 elapsedMs=0 files=1 stateCount=1 stateReloaded=False stateLoadMs=0 enumerateMs=0 sortedFiles=0 stateBytesWritten=0 stateCompactions=0
PASS scan summary reports full duration state load and number sorted
PASS direct Material connection opens once and disposes after all records
2026-09-29 06:58:05 DB CONFIG FAILED: set connectionStrings/Material in Z02JHVPService.exe.config.
PASS missing Material config is rejected without opening Oracle
2026-09-29 06:58:05 DB CONFIG FAILED: set connectionStrings/Material in Z02JHVPService.exe.config.
PASS blank Material config is rejected
PASS empty work does not open an Oracle connection
PASS Oracle open failure propagates and disposes without writes
PASS Oracle command failure stops remaining records and disposes
PASS material value remains a parameter and is not inserted into SQL
2026-09-29 06:58:05 SCAN files=1 folder=C:\Users\pusit\AppData\Local\Temp\hvp-regression-08537ea46a4348ee90ce62c506f71579
2026-09-29 06:58:05 START file=one-Z02J-HVP.txt creationUtc=2026-09-28T23:58:05.8108395Z lastWriteUtc=2026-09-28T23:58:05.8108395Z attempt=1/3
2026-09-29 06:58:05 FAILED file=one-Z02J-HVP.txt attempt=1/3 type=System.InvalidOperationException hresult=-2146233079
2026-09-29 06:58:05 SCAN END completedFiles=0 elapsedMs=2 files=1 stateCount=1 stateReloaded=True stateLoadMs=0 enumerateMs=0 sortedFiles=1 stateBytesWritten=302 stateCompactions=0
2026-09-29 06:58:05 SCAN files=1 folder=C:\Users\pusit\AppData\Local\Temp\hvp-regression-08537ea46a4348ee90ce62c506f71579
2026-09-29 06:58:05 START file=one-Z02J-HVP.txt creationUtc=2026-09-28T23:58:05.8108395Z lastWriteUtc=2026-09-28T23:58:05.8108395Z attempt=2/3
2026-09-29 06:58:05 FAILED file=one-Z02J-HVP.txt attempt=2/3 type=System.InvalidOperationException hresult=-2146233079
2026-09-29 06:58:05 SCAN END completedFiles=0 elapsedMs=1 files=1 stateCount=1 stateReloaded=False stateLoadMs=0 enumerateMs=0 sortedFiles=1 stateBytesWritten=151 stateCompactions=0
2026-09-29 06:58:05 SCAN files=1 folder=C:\Users\pusit\AppData\Local\Temp\hvp-regression-08537ea46a4348ee90ce62c506f71579
2026-09-29 06:58:05 START file=one-Z02J-HVP.txt creationUtc=2026-09-28T23:58:05.8108395Z lastWriteUtc=2026-09-28T23:58:05.8108395Z attempt=3/3
2026-09-29 06:58:05 FAILED file=one-Z02J-HVP.txt attempt=3/3 type=System.InvalidOperationException hresult=-2146233079
2026-09-29 06:58:05 SKIP file=one-Z02J-HVP.txt; attempt limit reached; input unchanged.
2026-09-29 06:58:05 SCAN END completedFiles=0 elapsedMs=1 files=1 stateCount=1 stateReloaded=False stateLoadMs=0 enumerateMs=0 sortedFiles=1 stateBytesWritten=151 stateCompactions=0
2026-09-29 06:58:05 SCAN files=1 folder=C:\Users\pusit\AppData\Local\Temp\hvp-regression-08537ea46a4348ee90ce62c506f71579
2026-09-29 06:58:05 SCAN END completedFiles=0 elapsedMs=0 files=1 stateCount=1 stateReloaded=False stateLoadMs=0 enumerateMs=0 sortedFiles=0 stateBytesWritten=0 stateCompactions=0
PASS Oracle open failures retain existing three attempt skip policy
FAIL one file commits all database commands in one transaction => File commands were not committed together
FAIL a new material without Plant errors instead of claiming success => A missing insert Plant was accepted
FAIL failure on the second record rolls back earlier writes in that file => The failed file left a committed first record
FAIL absent material inserts mapped fields with null unmapped values and system creation date => An absent material was not inserted
PASS an existing material ignores insert-only fields and does not overwrite general data
FAIL insert accepts ROH and defaults missing location to STR9 => Missing location did not use STR9
FAIL insert accepts HALB and defaults missing location to STR9 => Missing location did not use STR9
FAIL insert accepts FERT and defaults missing location to STR9 => Missing location did not use STR9
FAIL blank Material errors before any SQL: null => Blank Material was queried or silently accepted
FAIL blank Material errors before any SQL:  => Blank Material was queried or silently accepted
FAIL blank Material errors before any SQL:    => Blank Material was queried or silently accepted
FAIL unsupported insert material type errors without inventing a location => Unsupported insert type accepted
FAIL oversized insert field errors without truncation: Plant => Oversized Plant reached INSERT
FAIL oversized insert field errors without truncation: StorageLocation => Oversized StorageLocation reached INSERT
FAIL oversized insert field errors without truncation: OldMaterialNo => Oversized OldMaterialNo reached INSERT
FAIL oversized insert field errors without truncation: MaterialDescription => Oversized MaterialDescription reached INSERT
FAIL oversized insert field errors without truncation: MaterialGroup => Oversized MaterialGroup reached INSERT
FAIL oversized insert field errors without truncation: BaseUnit => Oversized BaseUnit reached INSERT
FAIL oversized insert field errors without truncation: BasicMaterial => Oversized BasicMaterial reached INSERT
FAIL oversized insert field errors without truncation: PurchasingGroup => Oversized PurchasingGroup reached INSERT
FAIL a concurrent insert with ORA-00001 retries the material-only update => A matching insert race was not reconciled using UPDATE
FAIL insert Oracle error propagates when no matching material can be updated: 1 => INSERT failure was hidden
FAIL insert Oracle error propagates when no matching material can be updated: 1400 => INSERT failure was hidden
FAIL commit failure propagates and cannot leave the file's writes accepted => A failed commit returned success or retained uncommitted writes
FAIL the database boundary normalizes non-HVP to NULL for both insert and update => A non-HVP flag was stored as text
2026-09-29 06:58:05 SCAN files=1 folder=C:\Users\pusit\AppData\Local\Temp\hvp-regression-5fd5bbcc3abd4c36a67ddb31c6a36684
2026-09-29 06:58:05 START file=sap-CuStOm.TXT creationUtc=2026-09-28T23:58:05.8273527Z lastWriteUtc=2026-09-28T23:58:05.8273527Z attempt=1/3
2026-09-29 06:58:05 DB COMMANDS completedRecords=1 file=sap-CuStOm.TXT; this is not an affected-row count.
2026-09-29 06:58:05 DONE file=sap-CuStOm.TXT
2026-09-29 06:58:05 SCAN END completedFiles=1 elapsedMs=2 files=1 stateCount=1 stateReloaded=True stateLoadMs=0 enumerateMs=0 sortedFiles=1 stateBytesWritten=295 stateCompactions=0
PASS configured suffix selects mixed-case filenames and excludes the old suffix
2026-09-29 06:58:05 SCAN END completedFiles=0 elapsedMs=0 files=0 stateCount=0 stateReloaded=False stateLoadMs=0 enumerateMs=0 sortedFiles=0 stateBytesWritten=0 stateCompactions=0
PASS invalid suffix cannot select arbitrary source files: 
2026-09-29 06:58:05 SCAN END completedFiles=0 elapsedMs=0 files=0 stateCount=0 stateReloaded=False stateLoadMs=0 enumerateMs=0 sortedFiles=0 stateBytesWritten=0 stateCompactions=0
PASS invalid suffix cannot select arbitrary source files:    
2026-09-29 06:58:05 SCAN END completedFiles=0 elapsedMs=0 files=0 stateCount=0 stateReloaded=False stateLoadMs=0 enumerateMs=0 sortedFiles=0 stateBytesWritten=0 stateCompactions=0
PASS invalid suffix cannot select arbitrary source files: *
2026-09-29 06:58:05 SCAN END completedFiles=0 elapsedMs=0 files=0 stateCount=0 stateReloaded=False stateLoadMs=0 enumerateMs=0 sortedFiles=0 stateBytesWritten=0 stateCompactions=0
PASS invalid suffix cannot select arbitrary source files: *.txt
2026-09-29 06:58:05 SCAN END completedFiles=0 elapsedMs=0 files=0 stateCount=0 stateReloaded=False stateLoadMs=0 enumerateMs=0 sortedFiles=0 stateBytesWritten=0 stateCompactions=0
PASS invalid suffix cannot select arbitrary source files: ../file.txt
Failures: 24
