2026-09-29 06:58:28 SCAN files=1 folder=C:\Users\pusit\AppData\Local\Temp\hvp-regression-4be8824a3e91424db4f4fb780cfbe1f6
2026-09-29 06:58:28 START file=old-Z02J-HVP.txt creationUtc=2026-09-28T23:28:28.1218016Z lastWriteUtc=2026-09-28T23:58:23.1220324Z attempt=1/3
2026-09-29 06:58:28 DB COMMANDS completedRecords=1 file=old-Z02J-HVP.txt; this is not an affected-row count.
2026-09-29 06:58:28 DONE file=old-Z02J-HVP.txt
2026-09-29 06:58:28 SCAN END completedFiles=1 elapsedMs=16 files=1 stateCount=1 stateReloaded=True stateLoadMs=0 enumerateMs=2 sortedFiles=1 stateBytesWritten=299 stateCompactions=0
PASS older creation time with recently updated time is still processed
2026-09-29 06:58:28 SCAN files=3 folder=C:\Users\pusit\AppData\Local\Temp\hvp-regression-048e6b665df0400e9ffade5fb2fa6a78
2026-09-29 06:58:28 START file=a-Z02J-HVP.txt creationUtc=2026-09-28T23:28:28.1431260Z lastWriteUtc=2026-09-28T23:28:28.1432004Z attempt=1/3
2026-09-29 06:58:28 DB COMMANDS completedRecords=1 file=a-Z02J-HVP.txt; this is not an affected-row count.
2026-09-29 06:58:28 DONE file=a-Z02J-HVP.txt
2026-09-29 06:58:28 START file=b-Z02J-HVP.txt creationUtc=2026-09-28T23:38:28.1435255Z lastWriteUtc=2026-09-28T23:38:28.1435935Z attempt=1/3
2026-09-29 06:58:28 DB COMMANDS completedRecords=1 file=b-Z02J-HVP.txt; this is not an affected-row count.
2026-09-29 06:58:28 DONE file=b-Z02J-HVP.txt
2026-09-29 06:58:28 START file=z-Z02J-HVP.txt creationUtc=2026-09-28T23:48:28.1426726Z lastWriteUtc=2026-09-28T23:48:28.1427397Z attempt=1/3
2026-09-29 06:58:28 DB COMMANDS completedRecords=1 file=z-Z02J-HVP.txt; this is not an affected-row count.
2026-09-29 06:58:28 DONE file=z-Z02J-HVP.txt
2026-09-29 06:58:28 SCAN END completedFiles=3 elapsedMs=8 files=3 stateCount=3 stateReloaded=True stateLoadMs=0 enumerateMs=0 sortedFiles=3 stateBytesWritten=885 stateCompactions=0
PASS all pending files run in creation order with stable tie order
2026-09-29 06:58:28 SCAN files=1 folder=C:\Users\pusit\AppData\Local\Temp\hvp-regression-45b5d58722154b44af198c1230979492
2026-09-29 06:58:28 START file=one-Z02J-HVP.txt creationUtc=2026-09-28T23:57:28.1546233Z lastWriteUtc=2026-09-28T23:57:28.1546878Z attempt=1/3
2026-09-29 06:58:28 DB COMMANDS completedRecords=1 file=one-Z02J-HVP.txt; this is not an affected-row count.
2026-09-29 06:58:28 DONE file=one-Z02J-HVP.txt
2026-09-29 06:58:28 SCAN END completedFiles=1 elapsedMs=3 files=1 stateCount=1 stateReloaded=True stateLoadMs=0 enumerateMs=0 sortedFiles=1 stateBytesWritten=299 stateCompactions=0
2026-09-29 06:58:28 SCAN files=1 folder=C:\Users\pusit\AppData\Local\Temp\hvp-regression-45b5d58722154b44af198c1230979492
2026-09-29 06:58:28 SCAN END completedFiles=0 elapsedMs=0 files=1 stateCount=1 stateReloaded=True stateLoadMs=0 enumerateMs=0 sortedFiles=0 stateBytesWritten=0 stateCompactions=0
PASS success survives processor restart without replay; source remains intact
2026-09-29 06:58:28 SCAN files=1 folder=C:\Users\pusit\AppData\Local\Temp\hvp-regression-d0c2e2d6c17f483890d01cabb3dfaba8
2026-09-29 06:58:28 START file=same-Z02J-HVP.txt creationUtc=2026-09-28T23:38:28.1612674Z lastWriteUtc=2026-09-28T23:38:28.1613682Z attempt=1/3
2026-09-29 06:58:28 DB COMMANDS completedRecords=1 file=same-Z02J-HVP.txt; this is not an affected-row count.
2026-09-29 06:58:28 DONE file=same-Z02J-HVP.txt
2026-09-29 06:58:28 SCAN END completedFiles=1 elapsedMs=3 files=1 stateCount=1 stateReloaded=True stateLoadMs=0 enumerateMs=0 sortedFiles=1 stateBytesWritten=301 stateCompactions=0
2026-09-29 06:58:28 SCAN files=1 folder=C:\Users\pusit\AppData\Local\Temp\hvp-regression-d0c2e2d6c17f483890d01cabb3dfaba8
2026-09-29 06:58:28 START file=same-Z02J-HVP.txt creationUtc=2026-09-28T23:38:28.1612674Z lastWriteUtc=2026-09-28T23:58:23.1657235Z attempt=1/3
2026-09-29 06:58:28 DB COMMANDS completedRecords=1 file=same-Z02J-HVP.txt; this is not an affected-row count.
2026-09-29 06:58:28 DONE file=same-Z02J-HVP.txt
2026-09-29 06:58:28 SCAN END completedFiles=1 elapsedMs=3 files=1 stateCount=1 stateReloaded=False stateLoadMs=0 enumerateMs=0 sortedFiles=1 stateBytesWritten=301 stateCompactions=0
PASS same pathname with changed time/content is processed again
2026-09-29 06:58:28 SCAN files=1 folder=C:\Users\pusit\AppData\Local\Temp\hvp-regression-c637e92c42674029bd9be66defd30352
2026-09-29 06:58:28 START file=header-Z02J-HVP.txt creationUtc=2026-09-28T23:57:28.1700294Z lastWriteUtc=2026-09-28T23:57:28.1700878Z attempt=1/3
2026-09-29 06:58:28 DB COMMANDS completedRecords=2 file=header-Z02J-HVP.txt; this is not an affected-row count.
2026-09-29 06:58:28 DONE file=header-Z02J-HVP.txt
2026-09-29 06:58:28 SCAN END completedFiles=1 elapsedMs=3 files=1 stateCount=1 stateReloaded=True stateLoadMs=0 enumerateMs=0 sortedFiles=1 stateBytesWritten=305 stateCompactions=0
PASS header padding and case don't lose a valid SAP export
2026-09-29 06:58:28 SCAN files=1 folder=C:\Users\pusit\AppData\Local\Temp\hvp-regression-beed33f63ca046e79ac9f50a8caf6c17
2026-09-29 06:58:28 START file=short-Z02J-HVP.txt creationUtc=2026-09-28T23:57:28.1755147Z lastWriteUtc=2026-09-28T23:57:28.1756248Z attempt=1/3
2026-09-29 06:58:28 INVALID ROW file=short-Z02J-HVP.txt line=3
2026-09-29 06:58:28 FAILED file=short-Z02J-HVP.txt attempt=1/3 type=System.IO.InvalidDataException hresult=-2146233087
2026-09-29 06:58:28 Incomplete SAP row; no rows from this file have been applied.
2026-09-29 06:58:28 SCAN END completedFiles=0 elapsedMs=4 files=1 stateCount=1 stateReloaded=True stateLoadMs=0 enumerateMs=0 sortedFiles=1 stateBytesWritten=306 stateCompactions=0
PASS truncated row doesn't clear a flag or partly apply the file
2026-09-29 06:58:28 SCAN files=2 folder=C:\Users\pusit\AppData\Local\Temp\hvp-regression-b024ac32aa884b7eb20b054ef24baa6a
2026-09-29 06:58:28 START file=first-Z02J-HVP.txt creationUtc=2026-09-28T23:38:28.1816997Z lastWriteUtc=2026-09-28T23:38:28.1817666Z attempt=1/3
2026-09-29 06:58:28 FAILED file=first-Z02J-HVP.txt attempt=1/3 type=System.InvalidOperationException hresult=-2146233079
2026-09-29 06:58:28 SCAN END completedFiles=0 elapsedMs=3 files=2 stateCount=2 stateReloaded=True stateLoadMs=0 enumerateMs=0 sortedFiles=2 stateBytesWritten=460 stateCompactions=0
2026-09-29 06:58:28 SCAN files=2 folder=C:\Users\pusit\AppData\Local\Temp\hvp-regression-b024ac32aa884b7eb20b054ef24baa6a
2026-09-29 06:58:28 START file=first-Z02J-HVP.txt creationUtc=2026-09-28T23:38:28.1816997Z lastWriteUtc=2026-09-28T23:38:28.1817666Z attempt=2/3
2026-09-29 06:58:28 DB COMMANDS completedRecords=1 file=first-Z02J-HVP.txt; this is not an affected-row count.
2026-09-29 06:58:28 DONE file=first-Z02J-HVP.txt
2026-09-29 06:58:28 START file=second-Z02J-HVP.txt creationUtc=2026-09-28T23:48:28.1822177Z lastWriteUtc=2026-09-28T23:48:28.1823055Z attempt=1/3
2026-09-29 06:58:28 DB COMMANDS completedRecords=1 file=second-Z02J-HVP.txt; this is not an affected-row count.
2026-09-29 06:58:28 DONE file=second-Z02J-HVP.txt
2026-09-29 06:58:28 SCAN END completedFiles=2 elapsedMs=2 files=2 stateCount=2 stateReloaded=False stateLoadMs=0 enumerateMs=0 sortedFiles=2 stateBytesWritten=301 stateCompactions=0
PASS failed oldest file blocks later writes until retry succeeds
2026-09-29 06:58:28 SOURCE UNAVAILABLE folder=C:\Users\pusit\AppData\Local\Temp\hvp-regression-bcd1513a7b224e9eafb5dcea8e459d27\missing
2026-09-29 06:58:28 SCAN END completedFiles=0 elapsedMs=0 files=0 stateCount=0 stateReloaded=False stateLoadMs=0 enumerateMs=0 sortedFiles=0 stateBytesWritten=0 stateCompactions=0
PASS unavailable source folder has a visible failure
2026-09-29 06:58:28 DB CONFIG FAILED: set connectionStrings/Material in Z02JHVPService.exe.config.
PASS missing direct connection cannot claim successful initialization
2026-09-29 06:58:28 SCAN files=2 folder=C:\Users\pusit\AppData\Local\Temp\hvp-regression-030a75c35c9749ad9e88b6e8a63e3294
2026-09-29 06:58:28 START file=old-Z02J-HVP.txt creationUtc=2026-09-28T23:28:28.1935570Z lastWriteUtc=2026-09-28T23:28:28.1936294Z attempt=1/3
2026-09-29 06:58:28 DB COMMANDS completedRecords=1 file=old-Z02J-HVP.txt; this is not an affected-row count.
2026-09-29 06:58:28 DONE file=old-Z02J-HVP.txt
2026-09-29 06:58:28 START file=new-Z02J-HVP.txt creationUtc=2026-09-28T23:38:28.1940020Z lastWriteUtc=2026-09-28T23:38:28.1940697Z attempt=1/3
2026-09-29 06:58:28 DB COMMANDS completedRecords=1 file=new-Z02J-HVP.txt; this is not an affected-row count.
2026-09-29 06:58:28 DONE file=new-Z02J-HVP.txt
2026-09-29 06:58:28 SCAN END completedFiles=2 elapsedMs=5 files=2 stateCount=2 stateReloaded=True stateLoadMs=0 enumerateMs=0 sortedFiles=2 stateBytesWritten=598 stateCompactions=0
2026-09-29 06:58:28 SCAN files=2 folder=C:\Users\pusit\AppData\Local\Temp\hvp-regression-030a75c35c9749ad9e88b6e8a63e3294
2026-09-29 06:58:28 START file=old-Z02J-HVP.txt creationUtc=2026-09-28T23:28:28.1935570Z lastWriteUtc=2026-09-28T23:58:23.2008038Z attempt=1/3
2026-09-29 06:58:28 DB COMMANDS completedRecords=1 file=old-Z02J-HVP.txt; this is not an affected-row count.
2026-09-29 06:58:28 DONE file=old-Z02J-HVP.txt
2026-09-29 06:58:28 START file=new-Z02J-HVP.txt creationUtc=2026-09-28T23:38:28.1940020Z lastWriteUtc=2026-09-28T23:38:28.1940697Z attempt=1/3
2026-09-29 06:58:28 FAILED file=new-Z02J-HVP.txt attempt=1/3 type=System.InvalidOperationException hresult=-2146233079
2026-09-29 06:58:28 SCAN END completedFiles=1 elapsedMs=2 files=2 stateCount=2 stateReloaded=True stateLoadMs=0 enumerateMs=0 sortedFiles=2 stateBytesWritten=601 stateCompactions=0
2026-09-29 06:58:28 SCAN files=2 folder=C:\Users\pusit\AppData\Local\Temp\hvp-regression-030a75c35c9749ad9e88b6e8a63e3294
2026-09-29 06:58:28 START file=new-Z02J-HVP.txt creationUtc=2026-09-28T23:38:28.1940020Z lastWriteUtc=2026-09-28T23:38:28.1940697Z attempt=2/3
2026-09-29 06:58:28 DB COMMANDS completedRecords=1 file=new-Z02J-HVP.txt; this is not an affected-row count.
2026-09-29 06:58:28 DONE file=new-Z02J-HVP.txt
2026-09-29 06:58:28 SCAN END completedFiles=1 elapsedMs=1 files=2 stateCount=2 stateReloaded=True stateLoadMs=0 enumerateMs=0 sortedFiles=1 stateBytesWritten=148 stateCompactions=0
PASS changed older file replays later files, including a failed replay after restart
PASS concurrent process cannot enter the same checkpoint job
PASS SQL applies by material only, never plant/sloc
2026-09-29 06:58:28 SCAN files=2 folder=C:\Users\pusit\AppData\Local\Temp\hvp-regression-855c949d87e741f6920f169e83bda3d4
2026-09-29 06:58:28 START file=bad-Z02J-HVP.txt creationUtc=2026-09-28T23:38:28.2105385Z lastWriteUtc=2026-09-28T23:38:28.2106006Z attempt=1/3
2026-09-29 06:58:28 FAILED file=bad-Z02J-HVP.txt attempt=1/3 type=System.InvalidOperationException hresult=-2146233079
2026-09-29 06:58:28 SCAN END completedFiles=0 elapsedMs=3 files=2 stateCount=2 stateReloaded=True stateLoadMs=0 enumerateMs=0 sortedFiles=2 stateBytesWritten=454 stateCompactions=0
2026-09-29 06:58:28 SCAN files=2 folder=C:\Users\pusit\AppData\Local\Temp\hvp-regression-855c949d87e741f6920f169e83bda3d4
2026-09-29 06:58:28 START file=bad-Z02J-HVP.txt creationUtc=2026-09-28T23:38:28.2105385Z lastWriteUtc=2026-09-28T23:38:28.2106006Z attempt=2/3
2026-09-29 06:58:28 FAILED file=bad-Z02J-HVP.txt attempt=2/3 type=System.InvalidOperationException hresult=-2146233079
2026-09-29 06:58:28 SCAN END completedFiles=0 elapsedMs=1 files=2 stateCount=2 stateReloaded=True stateLoadMs=0 enumerateMs=0 sortedFiles=2 stateBytesWritten=151 stateCompactions=0
2026-09-29 06:58:28 SCAN files=2 folder=C:\Users\pusit\AppData\Local\Temp\hvp-regression-855c949d87e741f6920f169e83bda3d4
2026-09-29 06:58:28 START file=bad-Z02J-HVP.txt creationUtc=2026-09-28T23:38:28.2105385Z lastWriteUtc=2026-09-28T23:38:28.2106006Z attempt=3/3
2026-09-29 06:58:28 FAILED file=bad-Z02J-HVP.txt attempt=3/3 type=System.InvalidOperationException hresult=-2146233079
2026-09-29 06:58:28 SKIP file=bad-Z02J-HVP.txt; attempt limit reached; input unchanged.
2026-09-29 06:58:28 START file=next-Z02J-HVP.txt creationUtc=2026-09-28T23:48:28.2110108Z lastWriteUtc=2026-09-28T23:48:28.2111026Z attempt=1/3
2026-09-29 06:58:28 DB COMMANDS completedRecords=1 file=next-Z02J-HVP.txt; this is not an affected-row count.
2026-09-29 06:58:28 DONE file=next-Z02J-HVP.txt
2026-09-29 06:58:28 SCAN END completedFiles=1 elapsedMs=2 files=2 stateCount=2 stateReloaded=True stateLoadMs=0 enumerateMs=0 sortedFiles=2 stateBytesWritten=300 stateCompactions=0
2026-09-29 06:58:28 SCAN files=2 folder=C:\Users\pusit\AppData\Local\Temp\hvp-regression-855c949d87e741f6920f169e83bda3d4
2026-09-29 06:58:28 SCAN END completedFiles=0 elapsedMs=0 files=2 stateCount=2 stateReloaded=True stateLoadMs=0 enumerateMs=0 sortedFiles=0 stateBytesWritten=0 stateCompactions=0
2026-09-29 06:58:28 SCAN files=2 folder=C:\Users\pusit\AppData\Local\Temp\hvp-regression-855c949d87e741f6920f169e83bda3d4
2026-09-29 06:58:28 START file=bad-Z02J-HVP.txt creationUtc=2026-09-28T23:38:28.2105385Z lastWriteUtc=2026-09-28T23:58:26.2202506Z attempt=1/3
2026-09-29 06:58:28 DB COMMANDS completedRecords=1 file=bad-Z02J-HVP.txt; this is not an affected-row count.
2026-09-29 06:58:28 DONE file=bad-Z02J-HVP.txt
2026-09-29 06:58:28 START file=next-Z02J-HVP.txt creationUtc=2026-09-28T23:48:28.2110108Z lastWriteUtc=2026-09-28T23:48:28.2111026Z attempt=1/3
2026-09-29 06:58:28 DB COMMANDS completedRecords=1 file=next-Z02J-HVP.txt; this is not an affected-row count.
2026-09-29 06:58:28 DONE file=next-Z02J-HVP.txt
2026-09-29 06:58:28 SCAN END completedFiles=2 elapsedMs=3 files=2 stateCount=2 stateReloaded=True stateLoadMs=0 enumerateMs=0 sortedFiles=2 stateBytesWritten=600 stateCompactions=0
PASS third failure skips persistently and continues to the next file
2026-09-29 06:58:28 SCAN files=2 folder=C:\Users\pusit\AppData\Local\Temp\hvp-regression-f6422442abf64667b59db002b36163ff
2026-09-29 06:58:28 START file=bad-Z02J-HVP.txt creationUtc=2026-09-28T23:38:28.2253648Z lastWriteUtc=2026-09-28T23:38:28.2254609Z attempt=1/1
2026-09-29 06:58:28 FAILED file=bad-Z02J-HVP.txt attempt=1/1 type=System.InvalidOperationException hresult=-2146233079
2026-09-29 06:58:28 SKIP file=bad-Z02J-HVP.txt; attempt limit reached; input unchanged.
2026-09-29 06:58:28 START file=next-Z02J-HVP.txt creationUtc=2026-09-28T23:48:28.2257269Z lastWriteUtc=2026-09-28T23:48:28.2257797Z attempt=1/1
2026-09-29 06:58:28 DB COMMANDS completedRecords=1 file=next-Z02J-HVP.txt; this is not an affected-row count.
2026-09-29 06:58:28 DONE file=next-Z02J-HVP.txt
2026-09-29 06:58:28 SCAN END completedFiles=1 elapsedMs=5 files=2 stateCount=2 stateReloaded=True stateLoadMs=0 enumerateMs=0 sortedFiles=2 stateBytesWritten=603 stateCompactions=0
PASS configured attempt limit 1
2026-09-29 06:58:28 SCAN files=2 folder=C:\Users\pusit\AppData\Local\Temp\hvp-regression-f817b2fe580940c1a44d51261f9974f9
2026-09-29 06:58:28 START file=bad-Z02J-HVP.txt creationUtc=2026-09-28T23:38:28.2327101Z lastWriteUtc=2026-09-28T23:38:28.2328068Z attempt=1/2
2026-09-29 06:58:28 FAILED file=bad-Z02J-HVP.txt attempt=1/2 type=System.InvalidOperationException hresult=-2146233079
2026-09-29 06:58:28 SCAN END completedFiles=0 elapsedMs=4 files=2 stateCount=2 stateReloaded=True stateLoadMs=0 enumerateMs=0 sortedFiles=2 stateBytesWritten=454 stateCompactions=0
2026-09-29 06:58:28 SCAN files=2 folder=C:\Users\pusit\AppData\Local\Temp\hvp-regression-f817b2fe580940c1a44d51261f9974f9
2026-09-29 06:58:28 START file=bad-Z02J-HVP.txt creationUtc=2026-09-28T23:38:28.2327101Z lastWriteUtc=2026-09-28T23:38:28.2328068Z attempt=2/2
2026-09-29 06:58:28 FAILED file=bad-Z02J-HVP.txt attempt=2/2 type=System.InvalidOperationException hresult=-2146233079
2026-09-29 06:58:28 SKIP file=bad-Z02J-HVP.txt; attempt limit reached; input unchanged.
2026-09-29 06:58:28 START file=next-Z02J-HVP.txt creationUtc=2026-09-28T23:48:28.2332395Z lastWriteUtc=2026-09-28T23:48:28.2333032Z attempt=1/2
2026-09-29 06:58:28 DB COMMANDS completedRecords=1 file=next-Z02J-HVP.txt; this is not an affected-row count.
2026-09-29 06:58:28 DONE file=next-Z02J-HVP.txt
2026-09-29 06:58:28 SCAN END completedFiles=1 elapsedMs=3 files=2 stateCount=2 stateReloaded=True stateLoadMs=0 enumerateMs=0 sortedFiles=2 stateBytesWritten=300 stateCompactions=0
PASS configured attempt limit 2
2026-09-29 06:58:28 SCAN files=2 folder=C:\Users\pusit\AppData\Local\Temp\hvp-regression-0cac33f60e3e4f88a2fbb68e00d97ea7
2026-09-29 06:58:28 START file=bad-Z02J-HVP.txt creationUtc=2026-09-28T23:38:28.2421452Z lastWriteUtc=2026-09-28T23:38:28.2422647Z attempt=1/3
2026-09-29 06:58:28 FAILED file=bad-Z02J-HVP.txt attempt=1/3 type=System.InvalidOperationException hresult=-2146233079
2026-09-29 06:58:28 SCAN END completedFiles=0 elapsedMs=3 files=2 stateCount=2 stateReloaded=True stateLoadMs=0 enumerateMs=0 sortedFiles=2 stateBytesWritten=454 stateCompactions=0
2026-09-29 06:58:28 SCAN files=2 folder=C:\Users\pusit\AppData\Local\Temp\hvp-regression-0cac33f60e3e4f88a2fbb68e00d97ea7
2026-09-29 06:58:28 START file=bad-Z02J-HVP.txt creationUtc=2026-09-28T23:38:28.2421452Z lastWriteUtc=2026-09-28T23:38:28.2422647Z attempt=2/3
2026-09-29 06:58:28 FAILED file=bad-Z02J-HVP.txt attempt=2/3 type=System.InvalidOperationException hresult=-2146233079
2026-09-29 06:58:28 SCAN END completedFiles=0 elapsedMs=2 files=2 stateCount=2 stateReloaded=True stateLoadMs=0 enumerateMs=0 sortedFiles=2 stateBytesWritten=151 stateCompactions=0
2026-09-29 06:58:28 SCAN files=2 folder=C:\Users\pusit\AppData\Local\Temp\hvp-regression-0cac33f60e3e4f88a2fbb68e00d97ea7
2026-09-29 06:58:28 START file=bad-Z02J-HVP.txt creationUtc=2026-09-28T23:38:28.2421452Z lastWriteUtc=2026-09-28T23:38:28.2422647Z attempt=3/3
2026-09-29 06:58:28 FAILED file=bad-Z02J-HVP.txt attempt=3/3 type=System.InvalidOperationException hresult=-2146233079
2026-09-29 06:58:28 SKIP file=bad-Z02J-HVP.txt; attempt limit reached; input unchanged.
2026-09-29 06:58:28 START file=next-Z02J-HVP.txt creationUtc=2026-09-28T23:48:28.2431008Z lastWriteUtc=2026-09-28T23:48:28.2431677Z attempt=1/3
2026-09-29 06:58:28 DB COMMANDS completedRecords=1 file=next-Z02J-HVP.txt; this is not an affected-row count.
2026-09-29 06:58:28 DONE file=next-Z02J-HVP.txt
2026-09-29 06:58:28 SCAN END completedFiles=1 elapsedMs=3 files=2 stateCount=2 stateReloaded=True stateLoadMs=0 enumerateMs=0 sortedFiles=2 stateBytesWritten=300 stateCompactions=0
PASS configured attempt limit bad
2026-09-29 06:58:28 SCAN files=2 folder=C:\Users\pusit\AppData\Local\Temp\hvp-regression-52910c65a94748269646c255bc1b3d22
2026-09-29 06:58:28 START file=bad-Z02J-HVP.txt creationUtc=2026-09-28T23:38:28.2541433Z lastWriteUtc=2026-09-28T23:38:28.2542184Z attempt=1/3
2026-09-29 06:58:28 FAILED file=bad-Z02J-HVP.txt attempt=1/3 type=System.InvalidOperationException hresult=-2146233079
2026-09-29 06:58:28 SCAN END completedFiles=0 elapsedMs=3 files=2 stateCount=2 stateReloaded=True stateLoadMs=0 enumerateMs=0 sortedFiles=2 stateBytesWritten=454 stateCompactions=0
2026-09-29 06:58:28 SCAN files=2 folder=C:\Users\pusit\AppData\Local\Temp\hvp-regression-52910c65a94748269646c255bc1b3d22
2026-09-29 06:58:28 START file=bad-Z02J-HVP.txt creationUtc=2026-09-28T23:38:28.2541433Z lastWriteUtc=2026-09-28T23:38:28.2542184Z attempt=2/3
2026-09-29 06:58:28 FAILED file=bad-Z02J-HVP.txt attempt=2/3 type=System.InvalidOperationException hresult=-2146233079
2026-09-29 06:58:28 SCAN END completedFiles=0 elapsedMs=1 files=2 stateCount=2 stateReloaded=True stateLoadMs=0 enumerateMs=0 sortedFiles=2 stateBytesWritten=151 stateCompactions=0
2026-09-29 06:58:28 SCAN files=2 folder=C:\Users\pusit\AppData\Local\Temp\hvp-regression-52910c65a94748269646c255bc1b3d22
2026-09-29 06:58:28 START file=bad-Z02J-HVP.txt creationUtc=2026-09-28T23:38:28.2541433Z lastWriteUtc=2026-09-28T23:38:28.2542184Z attempt=3/3
2026-09-29 06:58:28 FAILED file=bad-Z02J-HVP.txt attempt=3/3 type=System.InvalidOperationException hresult=-2146233079
2026-09-29 06:58:28 SKIP file=bad-Z02J-HVP.txt; attempt limit reached; input unchanged.
2026-09-29 06:58:28 START file=next-Z02J-HVP.txt creationUtc=2026-09-28T23:48:28.2544453Z lastWriteUtc=2026-09-28T23:48:28.2544936Z attempt=1/3
2026-09-29 06:58:28 DB COMMANDS completedRecords=1 file=next-Z02J-HVP.txt; this is not an affected-row count.
2026-09-29 06:58:28 DONE file=next-Z02J-HVP.txt
2026-09-29 06:58:28 SCAN END completedFiles=1 elapsedMs=3 files=2 stateCount=2 stateReloaded=True stateLoadMs=0 enumerateMs=0 sortedFiles=2 stateBytesWritten=300 stateCompactions=0
PASS configured attempt limit 0
2026-09-29 06:58:28 SCAN files=2 folder=C:\Users\pusit\AppData\Local\Temp\hvp-regression-07f5cb6e2ac2422ebc69c237b57d0530
2026-09-29 06:58:28 START file=bad-Z02J-HVP.txt creationUtc=2026-09-28T23:38:28.2644051Z lastWriteUtc=2026-09-28T23:38:28.2644797Z attempt=1/3
2026-09-29 06:58:28 FAILED file=bad-Z02J-HVP.txt attempt=1/3 type=System.InvalidOperationException hresult=-2146233079
2026-09-29 06:58:28 SCAN END completedFiles=0 elapsedMs=4 files=2 stateCount=2 stateReloaded=True stateLoadMs=0 enumerateMs=0 sortedFiles=2 stateBytesWritten=454 stateCompactions=0
2026-09-29 06:58:28 SCAN files=2 folder=C:\Users\pusit\AppData\Local\Temp\hvp-regression-07f5cb6e2ac2422ebc69c237b57d0530
2026-09-29 06:58:28 START file=bad-Z02J-HVP.txt creationUtc=2026-09-28T23:38:28.2644051Z lastWriteUtc=2026-09-28T23:38:28.2644797Z attempt=2/3
2026-09-29 06:58:28 FAILED file=bad-Z02J-HVP.txt attempt=2/3 type=System.InvalidOperationException hresult=-2146233079
2026-09-29 06:58:28 SCAN END completedFiles=0 elapsedMs=1 files=2 stateCount=2 stateReloaded=True stateLoadMs=0 enumerateMs=0 sortedFiles=2 stateBytesWritten=151 stateCompactions=0
2026-09-29 06:58:28 SCAN files=2 folder=C:\Users\pusit\AppData\Local\Temp\hvp-regression-07f5cb6e2ac2422ebc69c237b57d0530
2026-09-29 06:58:28 START file=bad-Z02J-HVP.txt creationUtc=2026-09-28T23:38:28.2644051Z lastWriteUtc=2026-09-28T23:38:28.2644797Z attempt=3/3
2026-09-29 06:58:28 FAILED file=bad-Z02J-HVP.txt attempt=3/3 type=System.InvalidOperationException hresult=-2146233079
2026-09-29 06:58:28 SKIP file=bad-Z02J-HVP.txt; attempt limit reached; input unchanged.
2026-09-29 06:58:28 START file=next-Z02J-HVP.txt creationUtc=2026-09-28T23:48:28.2646960Z lastWriteUtc=2026-09-28T23:48:28.2648587Z attempt=1/3
2026-09-29 06:58:28 DB COMMANDS completedRecords=1 file=next-Z02J-HVP.txt; this is not an affected-row count.
2026-09-29 06:58:28 DONE file=next-Z02J-HVP.txt
2026-09-29 06:58:28 SCAN END completedFiles=1 elapsedMs=2 files=2 stateCount=2 stateReloaded=True stateLoadMs=0 enumerateMs=0 sortedFiles=2 stateBytesWritten=300 stateCompactions=0
PASS configured attempt limit -1
2026-09-29 06:58:28 SCAN files=1 folder=C:\Users\pusit\AppData\Local\Temp\hvp-regression-bf7501acd1644a18855c599e72d0b311
2026-09-29 06:58:28 SCAN END completedFiles=0 elapsedMs=0 files=1 stateCount=1 stateReloaded=True stateLoadMs=0 enumerateMs=0 sortedFiles=0 stateBytesWritten=0 stateCompactions=0
PASS legacy four-column checkpoint remains compatible
2026-09-29 06:58:28 SCAN files=3 folder=C:\Users\pusit\AppData\Local\Temp\hvp-regression-7712fbdcb48749b098bcc1d867a3d999
2026-09-29 06:58:28 START file=a-Z02J-HVP.txt creationUtc=2026-09-28T23:28:28.2783936Z lastWriteUtc=2026-09-28T23:28:28.2784588Z attempt=1/3
2026-09-29 06:58:28 DB COMMANDS completedRecords=1 file=a-Z02J-HVP.txt; this is not an affected-row count.
2026-09-29 06:58:28 DONE file=a-Z02J-HVP.txt
2026-09-29 06:58:28 DEFER file=b-Z02J-HVP.txt; changed since scan; reorder next scan.
2026-09-29 06:58:28 SCAN END completedFiles=1 elapsedMs=4 files=3 stateCount=3 stateReloaded=True stateLoadMs=0 enumerateMs=0 sortedFiles=3 stateBytesWritten=593 stateCompactions=0
2026-09-29 06:58:28 SCAN files=3 folder=C:\Users\pusit\AppData\Local\Temp\hvp-regression-7712fbdcb48749b098bcc1d867a3d999
2026-09-29 06:58:28 START file=c-Z02J-HVP.txt creationUtc=2026-09-28T23:48:28.2790561Z lastWriteUtc=2026-09-28T23:48:28.2791297Z attempt=1/3
2026-09-29 06:58:28 DB COMMANDS completedRecords=1 file=c-Z02J-HVP.txt; this is not an affected-row count.
2026-09-29 06:58:28 DONE file=c-Z02J-HVP.txt
2026-09-29 06:58:28 START file=b-Z02J-HVP.txt creationUtc=2026-09-28T23:58:28.2827618Z lastWriteUtc=2026-09-28T23:58:28.2828515Z attempt=1/3
2026-09-29 06:58:28 DB COMMANDS completedRecords=1 file=b-Z02J-HVP.txt; this is not an affected-row count.
2026-09-29 06:58:28 DONE file=b-Z02J-HVP.txt
2026-09-29 06:58:28 SCAN END completedFiles=2 elapsedMs=3 files=3 stateCount=3 stateReloaded=True stateLoadMs=0 enumerateMs=0 sortedFiles=2 stateBytesWritten=441 stateCompactions=0
2026-09-29 06:58:28 SCAN files=3 folder=C:\Users\pusit\AppData\Local\Temp\hvp-regression-7712fbdcb48749b098bcc1d867a3d999
2026-09-29 06:58:28 SCAN END completedFiles=0 elapsedMs=0 files=3 stateCount=3 stateReloaded=True stateLoadMs=0 enumerateMs=0 sortedFiles=0 stateBytesWritten=0 stateCompactions=0
PASS changed queued file is deferred and reordered newer
2026-09-29 06:58:28 SCAN files=3 folder=C:\Users\pusit\AppData\Local\Temp\hvp-regression-a8d67a70fe4b4f2b92e1c0188da94b98
2026-09-29 06:58:28 START file=a-Z02J-HVP.txt creationUtc=2026-09-28T23:28:28.2902710Z lastWriteUtc=2026-09-28T23:28:28.2904069Z attempt=1/3
2026-09-29 06:58:28 DB COMMANDS completedRecords=1 file=a-Z02J-HVP.txt; this is not an affected-row count.
2026-09-29 06:58:28 DONE file=a-Z02J-HVP.txt
2026-09-29 06:58:28 DEFER file=b-Z02J-HVP.txt; changed since scan; reorder next scan.
2026-09-29 06:58:28 SCAN END completedFiles=1 elapsedMs=3 files=3 stateCount=3 stateReloaded=True stateLoadMs=0 enumerateMs=0 sortedFiles=3 stateBytesWritten=593 stateCompactions=0
2026-09-29 06:58:28 SCAN files=3 folder=C:\Users\pusit\AppData\Local\Temp\hvp-regression-a8d67a70fe4b4f2b92e1c0188da94b98
2026-09-29 06:58:28 START file=b-Z02J-HVP.txt creationUtc=2026-09-28T23:18:28.2946033Z lastWriteUtc=2026-09-28T23:58:28.2946654Z attempt=1/3
2026-09-29 06:58:28 DB COMMANDS completedRecords=1 file=b-Z02J-HVP.txt; this is not an affected-row count.
2026-09-29 06:58:28 DONE file=b-Z02J-HVP.txt
2026-09-29 06:58:28 START file=a-Z02J-HVP.txt creationUtc=2026-09-28T23:28:28.2902710Z lastWriteUtc=2026-09-28T23:28:28.2904069Z attempt=1/3
2026-09-29 06:58:28 DB COMMANDS completedRecords=1 file=a-Z02J-HVP.txt; this is not an affected-row count.
2026-09-29 06:58:28 DONE file=a-Z02J-HVP.txt
2026-09-29 06:58:28 START file=c-Z02J-HVP.txt creationUtc=2026-09-28T23:48:28.2913011Z lastWriteUtc=2026-09-28T23:48:28.2913653Z attempt=1/3
2026-09-29 06:58:28 DB COMMANDS completedRecords=1 file=c-Z02J-HVP.txt; this is not an affected-row count.
2026-09-29 06:58:28 DONE file=c-Z02J-HVP.txt
2026-09-29 06:58:28 SCAN END completedFiles=3 elapsedMs=4 files=3 stateCount=3 stateReloaded=True stateLoadMs=0 enumerateMs=0 sortedFiles=3 stateBytesWritten=736 stateCompactions=0
2026-09-29 06:58:28 SCAN files=3 folder=C:\Users\pusit\AppData\Local\Temp\hvp-regression-a8d67a70fe4b4f2b92e1c0188da94b98
2026-09-29 06:58:28 SCAN END completedFiles=0 elapsedMs=0 files=3 stateCount=3 stateReloaded=True stateLoadMs=0 enumerateMs=0 sortedFiles=0 stateBytesWritten=0 stateCompactions=0
PASS changed queued file is deferred and reordered older
2026-09-29 06:58:28 RETENTION TEST
PASS retention deletes expired filename dates and keeps boundary/current/future logs
2026-09-29 06:58:28 RETENTION SCOPE TEST
PASS retention only deletes exact daily log filenames in State
2026-09-29 06:58:28 RETENTION SOURCE DIRECTORY TEST
PASS retention skips cleanup when State is the SAP source directory
2026-09-29 06:58:28 RETENTION DEFAULT TEST
PASS retention uses 30-day default for missing config
2026-09-29 06:58:28 RETENTION DEFAULT TEST
PASS retention uses 30-day default for bad
2026-09-29 06:58:28 RETENTION DEFAULT TEST
PASS retention uses 30-day default for -1
2026-09-29 06:58:28 RETENTION DEFAULT TEST
PASS retention uses 30-day default for 2147483648
2026-09-29 06:58:28 RETENTION CONFIG TEST
PASS retention honors a configured positive number of days
2026-09-29 06:58:28 RETENTION DISABLED TEST
PASS retention zero disables cleanup while logging continues
2026-09-29 06:58:28 RETENTION LARGE CONFIG TEST
PASS retention very large positive setting does not overflow the cutoff
2026-09-29 06:58:28 RETENTION FIRST DIRECTORY
2026-09-29 06:58:28 RETENTION SAME DAY
2026-09-29 06:58:28 RETENTION SECOND DIRECTORY
2026-09-29 06:58:28 RETENTION RETURN TO FIRST
PASS retention runs once per day for each State directory
2026-09-29 06:58:28 RETENTION PREVIOUS DAY
2026-09-29 06:58:28 RETENTION NEXT DAY
PASS retention retries cleanup on the next local calendar day
2026-09-29 06:58:28 RETENTION CONTINUES AFTER FAILURE
2026-09-29 06:58:28 LOG CLEANUP FAILED; check State log permissions.
2026-09-29 06:58:28 RETENTION NO SAME DAY RETRY
PASS retention cleanup failure is sanitized and does not prevent writes or other deletions
2026-09-29 06:58:28 RETENTION REPARSE CHILD TEST
2026-09-29 06:58:28 RETENTION REPARSE STATE TEST
2026-09-29 06:58:28 RETENTION REPARSE ANCESTOR TEST
PASS retention skips reparse directories including State and its ancestors
2026-09-29 06:58:28 RETENTION CULTURE TEST
PASS retention uses Gregorian daily filenames regardless of process culture
2026-09-29 06:58:28 SCAN files=1 folder=C:\Users\pusit\AppData\Local\Temp\hvp-regression-b2724f5982094822a4398b128616d88b
2026-09-29 06:58:28 SCAN END completedFiles=0 elapsedMs=0 files=1 stateCount=1 stateReloaded=True stateLoadMs=0 enumerateMs=0 sortedFiles=0 stateBytesWritten=0 stateCompactions=0
PASS row-count compaction preserves the last committed state and bounds duplicate history
PASS daily compaction keeps pending attempts and does not run for every following append
PASS failed append invalidates uncommitted cached success
2026-09-29 06:58:28 SCAN files=1 folder=C:\Users\pusit\AppData\Local\Temp\hvp-regression-7caf3503f9114276b4cef8595adcde32
2026-09-29 06:58:28 SCAN END completedFiles=0 elapsedMs=1 files=1 stateCount=1 stateReloaded=True stateLoadMs=0 enumerateMs=1 sortedFiles=0 stateBytesWritten=0 stateCompactions=0
PASS failed compaction leaves the appended result recoverable and ignores stale temp files
2026-09-29 06:58:28 STATE RECOVERED discardedUnterminatedBytes=137
2026-09-29 06:58:28 SCAN files=3 folder=C:\Users\pusit\AppData\Local\Temp\hvp-regression-97f42cf62a2f4afbae3d0106f587537c
2026-09-29 06:58:28 START file=A-Z02J-HVP.txt creationUtc=2026-09-28T23:28:28.4116506Z lastWriteUtc=2026-09-28T23:58:28.4105481Z attempt=1/3
2026-09-29 06:58:28 DB COMMANDS completedRecords=1 file=A-Z02J-HVP.txt; this is not an affected-row count.
2026-09-29 06:58:28 DONE file=A-Z02J-HVP.txt
2026-09-29 06:58:28 START file=B-Z02J-HVP.txt creationUtc=2026-09-28T23:38:28.4117425Z lastWriteUtc=2026-09-28T23:58:28.4110564Z attempt=1/3
2026-09-29 06:58:28 DB COMMANDS completedRecords=1 file=B-Z02J-HVP.txt; this is not an affected-row count.
2026-09-29 06:58:28 DONE file=B-Z02J-HVP.txt
2026-09-29 06:58:28 START file=C-Z02J-HVP.txt creationUtc=2026-09-28T23:48:28.4118321Z lastWriteUtc=2026-09-28T23:58:28.4115636Z attempt=1/3
2026-09-29 06:58:28 DB COMMANDS completedRecords=1 file=C-Z02J-HVP.txt; this is not an affected-row count.
2026-09-29 06:58:28 DONE file=C-Z02J-HVP.txt
2026-09-29 06:58:28 SCAN END completedFiles=3 elapsedMs=7 files=3 stateCount=3 stateReloaded=True stateLoadMs=1 enumerateMs=0 sortedFiles=3 stateBytesWritten=736 stateCompactions=0
PASS partial pending tail before a crash is rebuilt before any DB write
2026-09-29 06:58:28 SCAN files=1 folder=C:\Users\pusit\AppData\Local\Temp\hvp-regression-b78e9f4cde58402a916bdd7d012e07f7
2026-09-29 06:58:28 SCAN END completedFiles=0 elapsedMs=1 files=1 stateCount=1 stateReloaded=True stateLoadMs=1 enumerateMs=0 sortedFiles=0 stateBytesWritten=0 stateCompactions=0
PASS atomic replacement failure preserves main checkpoint and ignores a completed temp snapshot
2026-09-29 06:58:28 SCAN files=1 folder=C:\Users\pusit\AppData\Local\Temp\hvp-regression-bd6033446a484524bb3751ad1810e9f4
2026-09-29 06:58:28 START file=M1-Z02J-HVP.txt creationUtc=2026-09-28T23:58:28.4298438Z lastWriteUtc=2026-09-28T23:58:28.4298438Z attempt=1/3
2026-09-29 06:58:28 DB COMMANDS completedRecords=1 file=M1-Z02J-HVP.txt; this is not an affected-row count.
2026-09-29 06:58:28 DONE file=M1-Z02J-HVP.txt
2026-09-29 06:58:28 SCAN END completedFiles=1 elapsedMs=4 files=1 stateCount=1 stateReloaded=True stateLoadMs=0 enumerateMs=0 sortedFiles=1 stateBytesWritten=297 stateCompactions=0
2026-09-29 06:58:28 SCAN files=1 folder=C:\Users\pusit\AppData\Local\Temp\hvp-regression-bd6033446a484524bb3751ad1810e9f4
2026-09-29 06:58:28 SCAN END completedFiles=0 elapsedMs=0 files=1 stateCount=1 stateReloaded=False stateLoadMs=0 enumerateMs=0 sortedFiles=0 stateBytesWritten=0 stateCompactions=0
PASS unchanged warm scan does not reopen checkpoint content
2026-09-29 06:58:28 SCAN files=1 folder=C:\Users\pusit\AppData\Local\Temp\hvp-regression-93491a8542f54276bf3ebb9527d5f606
2026-09-29 06:58:28 START file=M1-Z02J-HVP.txt creationUtc=2026-09-28T23:58:28.4467190Z lastWriteUtc=2026-09-28T23:58:28.4467190Z attempt=1/3
2026-09-29 06:58:28 DB COMMANDS completedRecords=1 file=M1-Z02J-HVP.txt; this is not an affected-row count.
2026-09-29 06:58:28 DONE file=M1-Z02J-HVP.txt
2026-09-29 06:58:28 SCAN END completedFiles=1 elapsedMs=7 files=1 stateCount=10001 stateReloaded=True stateLoadMs=3 enumerateMs=0 sortedFiles=1 stateBytesWritten=297 stateCompactions=0
2026-09-29 06:58:28 SCAN files=1 folder=C:\Users\pusit\AppData\Local\Temp\hvp-regression-93491a8542f54276bf3ebb9527d5f606
2026-09-29 06:58:28 SCAN END completedFiles=0 elapsedMs=10 files=1 stateCount=10001 stateReloaded=True stateLoadMs=9 enumerateMs=0 sortedFiles=0 stateBytesWritten=0 stateCompactions=0
PASS large history receives bounded appended updates for a new file
2026-09-29 06:58:28 STATE RECOVERED discardedUnterminatedBytes=143
2026-09-29 06:58:28 SCAN files=2 folder=C:\Users\pusit\AppData\Local\Temp\hvp-regression-6008a8ef2eda4c3e92733b0baafc6eee
2026-09-29 06:58:28 START file=PENDING-Z02J-HVP.txt creationUtc=2026-09-28T23:58:28.4760747Z lastWriteUtc=2026-09-28T23:58:28.4760747Z attempt=1/3
2026-09-29 06:58:28 DB COMMANDS completedRecords=1 file=PENDING-Z02J-HVP.txt; this is not an affected-row count.
2026-09-29 06:58:28 DONE file=PENDING-Z02J-HVP.txt
2026-09-29 06:58:28 SCAN END completedFiles=1 elapsedMs=5 files=2 stateCount=2 stateReloaded=True stateLoadMs=1 enumerateMs=0 sortedFiles=1 stateBytesWritten=307 stateCompactions=0
PASS unterminated append resembling a legacy done row cannot hide pending work
2026-09-29 06:58:28 SCAN END completedFiles=0 elapsedMs=0 files=0 stateCount=0 stateReloaded=False stateLoadMs=0 enumerateMs=0 sortedFiles=0 stateBytesWritten=0 stateCompactions=0
PASS complete malformed checkpoint record fails before DB writes
2026-09-29 06:58:28 SCAN files=1 folder=C:\Users\pusit\AppData\Local\Temp\hvp-regression-41cef2bfd6444c9195654105572401c7
2026-09-29 06:58:28 START file=M1-Z02J-HVP.txt creationUtc=2026-09-28T23:58:28.4852532Z lastWriteUtc=2026-09-28T23:58:28.4852532Z attempt=1/3
2026-09-29 06:58:28 DB COMMANDS completedRecords=1 file=M1-Z02J-HVP.txt; this is not an affected-row count.
2026-09-29 06:58:28 DONE file=M1-Z02J-HVP.txt
2026-09-29 06:58:28 SCAN END completedFiles=1 elapsedMs=4 files=1 stateCount=1 stateReloaded=True stateLoadMs=0 enumerateMs=0 sortedFiles=1 stateBytesWritten=297 stateCompactions=0
2026-09-29 06:58:28 SCAN END completedFiles=0 elapsedMs=0 files=0 stateCount=0 stateReloaded=False stateLoadMs=0 enumerateMs=0 sortedFiles=0 stateBytesWritten=0 stateCompactions=0
PASS external checkpoint change invalidates a warm cache
2026-09-29 06:58:28 SCAN files=1 folder=C:\Users\pusit\AppData\Local\Temp\hvp-regression-638da51d17b34bacb859e66820abab53
2026-09-29 06:58:28 START file=M1-Z02J-HVP.txt creationUtc=2026-09-28T23:58:28.4913288Z lastWriteUtc=2026-09-28T23:58:28.4913288Z attempt=1/3
2026-09-29 06:58:28 DB COMMANDS completedRecords=1 file=M1-Z02J-HVP.txt; this is not an affected-row count.
2026-09-29 06:58:28 DONE file=M1-Z02J-HVP.txt
2026-09-29 06:58:28 SCAN END completedFiles=1 elapsedMs=3 files=1 stateCount=1 stateReloaded=True stateLoadMs=0 enumerateMs=0 sortedFiles=1 stateBytesWritten=297 stateCompactions=0
2026-09-29 06:58:28 SCAN files=1 folder=C:\Users\pusit\AppData\Local\Temp\hvp-regression-638da51d17b34bacb859e66820abab53
2026-09-29 06:58:28 SCAN END completedFiles=0 elapsedMs=0 files=1 stateCount=1 stateReloaded=False stateLoadMs=0 enumerateMs=0 sortedFiles=0 stateBytesWritten=0 stateCompactions=0
PASS scan summary reports full duration state load and number sorted
PASS direct Material connection opens once and disposes after all records
2026-09-29 06:58:28 DB CONFIG FAILED: set connectionStrings/Material in Z02JHVPService.exe.config.
PASS missing Material config is rejected without opening Oracle
2026-09-29 06:58:28 DB CONFIG FAILED: set connectionStrings/Material in Z02JHVPService.exe.config.
PASS blank Material config is rejected
PASS empty work does not open an Oracle connection
PASS Oracle open failure propagates and disposes without writes
PASS Oracle command failure stops remaining records and disposes
PASS material value remains a parameter and is not inserted into SQL
2026-09-29 06:58:28 SCAN files=1 folder=C:\Users\pusit\AppData\Local\Temp\hvp-regression-6b6bdf473ba54eb8a982bcf000ff39bd
2026-09-29 06:58:28 START file=one-Z02J-HVP.txt creationUtc=2026-09-28T23:58:28.5031860Z lastWriteUtc=2026-09-28T23:58:28.5031860Z attempt=1/3
2026-09-29 06:58:28 FAILED file=one-Z02J-HVP.txt attempt=1/3 type=System.InvalidOperationException hresult=-2146233079
2026-09-29 06:58:28 SCAN END completedFiles=0 elapsedMs=4 files=1 stateCount=1 stateReloaded=True stateLoadMs=0 enumerateMs=0 sortedFiles=1 stateBytesWritten=302 stateCompactions=0
2026-09-29 06:58:28 SCAN files=1 folder=C:\Users\pusit\AppData\Local\Temp\hvp-regression-6b6bdf473ba54eb8a982bcf000ff39bd
2026-09-29 06:58:28 START file=one-Z02J-HVP.txt creationUtc=2026-09-28T23:58:28.5031860Z lastWriteUtc=2026-09-28T23:58:28.5031860Z attempt=2/3
2026-09-29 06:58:28 FAILED file=one-Z02J-HVP.txt attempt=2/3 type=System.InvalidOperationException hresult=-2146233079
2026-09-29 06:58:28 SCAN END completedFiles=0 elapsedMs=2 files=1 stateCount=1 stateReloaded=False stateLoadMs=0 enumerateMs=0 sortedFiles=1 stateBytesWritten=151 stateCompactions=0
2026-09-29 06:58:28 SCAN files=1 folder=C:\Users\pusit\AppData\Local\Temp\hvp-regression-6b6bdf473ba54eb8a982bcf000ff39bd
2026-09-29 06:58:28 START file=one-Z02J-HVP.txt creationUtc=2026-09-28T23:58:28.5031860Z lastWriteUtc=2026-09-28T23:58:28.5031860Z attempt=3/3
2026-09-29 06:58:28 FAILED file=one-Z02J-HVP.txt attempt=3/3 type=System.InvalidOperationException hresult=-2146233079
2026-09-29 06:58:28 SKIP file=one-Z02J-HVP.txt; attempt limit reached; input unchanged.
2026-09-29 06:58:28 SCAN END completedFiles=0 elapsedMs=1 files=1 stateCount=1 stateReloaded=False stateLoadMs=0 enumerateMs=0 sortedFiles=1 stateBytesWritten=151 stateCompactions=0
2026-09-29 06:58:28 SCAN files=1 folder=C:\Users\pusit\AppData\Local\Temp\hvp-regression-6b6bdf473ba54eb8a982bcf000ff39bd
2026-09-29 06:58:28 SCAN END completedFiles=0 elapsedMs=0 files=1 stateCount=1 stateReloaded=False stateLoadMs=0 enumerateMs=0 sortedFiles=0 stateBytesWritten=0 stateCompactions=0
PASS Oracle open failures retain existing three attempt skip policy
FAIL one file commits all database commands in one transaction => File commands were not committed together
FAIL a new material without Plant errors instead of claiming success => A missing insert Plant was accepted
FAIL failure on the second record rolls back earlier writes in that file => The failed file left a committed first record
FAIL absent material inserts mapped fields with null unmapped values and system creation date => An absent material was not inserted
PASS an existing material ignores insert-only fields and does not overwrite general data
FAIL insert accepts ROH and defaults missing location to STR9 => Missing location did not use STR9
FAIL insert accepts HALB and defaults missing location to STR9 => Missing location did not use STR9
FAIL insert accepts FERT and defaults missing location to STR9 => Missing location did not use STR9
FAIL blank Material errors before any SQL: null => Blank Material was queried or silently accepted
FAIL blank Material errors before any SQL:  => Blank Material was queried or silently accepted
FAIL blank Material errors before any SQL:    => Blank Material was queried or silently accepted
FAIL unsupported insert material type errors without inventing a location => Unsupported insert type accepted
FAIL oversized insert field errors without truncation: Plant => Oversized Plant reached INSERT
FAIL oversized insert field errors without truncation: StorageLocation => Oversized StorageLocation reached INSERT
FAIL oversized insert field errors without truncation: OldMaterialNo => Oversized OldMaterialNo reached INSERT
FAIL oversized insert field errors without truncation: MaterialDescription => Oversized MaterialDescription reached INSERT
FAIL oversized insert field errors without truncation: MaterialGroup => Oversized MaterialGroup reached INSERT
FAIL oversized insert field errors without truncation: BaseUnit => Oversized BaseUnit reached INSERT
FAIL oversized insert field errors without truncation: BasicMaterial => Oversized BasicMaterial reached INSERT
FAIL oversized insert field errors without truncation: PurchasingGroup => Oversized PurchasingGroup reached INSERT
FAIL a concurrent insert with ORA-00001 retries the material-only update => A matching insert race was not reconciled using UPDATE
FAIL insert Oracle error propagates when no matching material can be updated: 1 => INSERT failure was hidden
FAIL insert Oracle error propagates when no matching material can be updated: 1400 => INSERT failure was hidden
FAIL commit failure propagates and cannot leave the file's writes accepted => A failed commit returned success or retained uncommitted writes
FAIL the database boundary normalizes non-HVP to NULL for both insert and update => A non-HVP flag was stored as text
2026-09-29 06:58:28 SCAN files=1 folder=C:\Users\pusit\AppData\Local\Temp\hvp-regression-fc5f327b748244e5ae1e7602856ce44c
2026-09-29 06:58:28 START file=sap-CuStOm.TXT creationUtc=2026-09-28T23:58:28.5285228Z lastWriteUtc=2026-09-28T23:58:28.5285228Z attempt=1/3
2026-09-29 06:58:28 DB COMMANDS completedRecords=1 file=sap-CuStOm.TXT; this is not an affected-row count.
2026-09-29 06:58:28 DONE file=sap-CuStOm.TXT
2026-09-29 06:58:28 SCAN END completedFiles=1 elapsedMs=4 files=1 stateCount=1 stateReloaded=True stateLoadMs=0 enumerateMs=0 sortedFiles=1 stateBytesWritten=295 stateCompactions=0
PASS configured suffix selects mixed-case filenames and excludes the old suffix
2026-09-29 06:58:28 SCAN END completedFiles=0 elapsedMs=0 files=0 stateCount=0 stateReloaded=False stateLoadMs=0 enumerateMs=0 sortedFiles=0 stateBytesWritten=0 stateCompactions=0
PASS invalid suffix cannot select arbitrary source files: 
2026-09-29 06:58:28 SCAN END completedFiles=0 elapsedMs=0 files=0 stateCount=0 stateReloaded=False stateLoadMs=0 enumerateMs=0 sortedFiles=0 stateBytesWritten=0 stateCompactions=0
PASS invalid suffix cannot select arbitrary source files:    
2026-09-29 06:58:28 SCAN END completedFiles=0 elapsedMs=0 files=0 stateCount=0 stateReloaded=False stateLoadMs=0 enumerateMs=0 sortedFiles=0 stateBytesWritten=0 stateCompactions=0
PASS invalid suffix cannot select arbitrary source files: *
2026-09-29 06:58:28 SCAN END completedFiles=0 elapsedMs=0 files=0 stateCount=0 stateReloaded=False stateLoadMs=0 enumerateMs=0 sortedFiles=0 stateBytesWritten=0 stateCompactions=0
PASS invalid suffix cannot select arbitrary source files: *.txt
2026-09-29 06:58:28 SCAN END completedFiles=0 elapsedMs=0 files=0 stateCount=0 stateReloaded=False stateLoadMs=0 enumerateMs=0 sortedFiles=0 stateBytesWritten=0 stateCompactions=0
PASS invalid suffix cannot select arbitrary source files: ../file.txt
2026-09-29 06:58:28 SCAN files=1 folder=C:\Users\pusit\AppData\Local\Temp\hvp-regression-1938be7a553f4564b4759ee472a6233d
2026-09-29 06:58:28 START file=sap-Z02J-HVP.txt creationUtc=2026-09-28T23:58:28.5447723Z lastWriteUtc=2026-09-28T23:58:28.5452836Z attempt=1/3
2026-09-29 06:58:28 DB COMMANDS completedRecords=1 file=sap-Z02J-HVP.txt; this is not an affected-row count.
2026-09-29 06:58:28 DONE file=sap-Z02J-HVP.txt
2026-09-29 06:58:28 SCAN END completedFiles=1 elapsedMs=4 files=1 stateCount=1 stateReloaded=True stateLoadMs=0 enumerateMs=0 sortedFiles=1 stateBytesWritten=301 stateCompactions=0
FAIL SAP insert maps approved fields and correct location for ROH => New material was not inserted
2026-09-29 06:58:28 SCAN files=1 folder=C:\Users\pusit\AppData\Local\Temp\hvp-regression-a29063603d3a41b8b35a5b0ec0b43045
2026-09-29 06:58:28 START file=sap-Z02J-HVP.txt creationUtc=2026-09-28T23:58:28.5511788Z lastWriteUtc=2026-09-28T23:58:28.5516935Z attempt=1/3
2026-09-29 06:58:28 DB COMMANDS completedRecords=1 file=sap-Z02J-HVP.txt; this is not an affected-row count.
2026-09-29 06:58:28 DONE file=sap-Z02J-HVP.txt
2026-09-29 06:58:28 SCAN END completedFiles=1 elapsedMs=4 files=1 stateCount=1 stateReloaded=True stateLoadMs=0 enumerateMs=0 sortedFiles=1 stateBytesWritten=301 stateCompactions=0
FAIL SAP insert maps approved fields and correct location for HALB => New material was not inserted
2026-09-29 06:58:28 SCAN files=1 folder=C:\Users\pusit\AppData\Local\Temp\hvp-regression-765313c0bf2c4b0dae3d8300b009248d
2026-09-29 06:58:28 START file=sap-Z02J-HVP.txt creationUtc=2026-09-28T23:58:28.5577837Z lastWriteUtc=2026-09-28T23:58:28.5577837Z attempt=1/3
2026-09-29 06:58:28 DB COMMANDS completedRecords=1 file=sap-Z02J-HVP.txt; this is not an affected-row count.
2026-09-29 06:58:28 DONE file=sap-Z02J-HVP.txt
2026-09-29 06:58:28 SCAN END completedFiles=1 elapsedMs=4 files=1 stateCount=1 stateReloaded=True stateLoadMs=0 enumerateMs=0 sortedFiles=1 stateBytesWritten=301 stateCompactions=0
FAIL SAP insert maps approved fields and correct location for FERT => New material was not inserted
2026-09-29 06:58:28 SCAN files=1 folder=C:\Users\pusit\AppData\Local\Temp\hvp-regression-d20c3f2ae3e9430b8418b721510170d6
2026-09-29 06:58:28 START file=sap-Z02J-HVP.txt creationUtc=2026-09-28T23:58:28.5626322Z lastWriteUtc=2026-09-28T23:58:28.5626322Z attempt=1/3
2026-09-29 06:58:28 DB COMMANDS completedRecords=1 file=sap-Z02J-HVP.txt; this is not an affected-row count.
2026-09-29 06:58:28 DONE file=sap-Z02J-HVP.txt
2026-09-29 06:58:28 SCAN END completedFiles=1 elapsedMs=3 files=1 stateCount=1 stateReloaded=True stateLoadMs=0 enumerateMs=0 sortedFiles=1 stateBytesWritten=301 stateCompactions=0
FAIL blank approved SLOC defaults to STR9 for ROH => Blank SLOC blocked a valid insert
2026-09-29 06:58:28 SCAN files=1 folder=C:\Users\pusit\AppData\Local\Temp\hvp-regression-922feff30acb415eb8afbe4bb09cc18d
2026-09-29 06:58:28 START file=sap-Z02J-HVP.txt creationUtc=2026-09-28T23:58:28.5691457Z lastWriteUtc=2026-09-28T23:58:28.5696566Z attempt=1/3
2026-09-29 06:58:28 DB COMMANDS completedRecords=1 file=sap-Z02J-HVP.txt; this is not an affected-row count.
2026-09-29 06:58:28 DONE file=sap-Z02J-HVP.txt
2026-09-29 06:58:28 SCAN END completedFiles=1 elapsedMs=4 files=1 stateCount=1 stateReloaded=True stateLoadMs=0 enumerateMs=0 sortedFiles=1 stateBytesWritten=301 stateCompactions=0
FAIL blank approved SLOC defaults to STR9 for HALB => Blank SLOC blocked a valid insert
2026-09-29 06:58:28 SCAN files=1 folder=C:\Users\pusit\AppData\Local\Temp\hvp-regression-4b929c748d854577be3739cd99710db2
2026-09-29 06:58:28 START file=sap-Z02J-HVP.txt creationUtc=2026-09-28T23:58:28.5747262Z lastWriteUtc=2026-09-28T23:58:28.5747262Z attempt=1/3
2026-09-29 06:58:28 DB COMMANDS completedRecords=1 file=sap-Z02J-HVP.txt; this is not an affected-row count.
2026-09-29 06:58:28 DONE file=sap-Z02J-HVP.txt
2026-09-29 06:58:28 SCAN END completedFiles=1 elapsedMs=4 files=1 stateCount=1 stateReloaded=True stateLoadMs=0 enumerateMs=0 sortedFiles=1 stateBytesWritten=301 stateCompactions=0
FAIL blank approved SLOC defaults to STR9 for FERT => Blank SLOC blocked a valid insert
2026-09-29 06:58:28 SCAN files=1 folder=C:\Users\pusit\AppData\Local\Temp\hvp-regression-c39299e63c1e407390b680323022fe0d
2026-09-29 06:58:28 START file=sap-Z02J-HVP.txt creationUtc=2026-09-28T23:58:28.5798773Z lastWriteUtc=2026-09-28T23:58:28.5798773Z attempt=1/3
2026-09-29 06:58:28 DB COMMANDS completedRecords=1 file=sap-Z02J-HVP.txt; this is not an affected-row count.
2026-09-29 06:58:28 DONE file=sap-Z02J-HVP.txt
2026-09-29 06:58:28 SCAN END completedFiles=1 elapsedMs=3 files=1 stateCount=1 stateReloaded=True stateLoadMs=0 enumerateMs=0 sortedFiles=1 stateBytesWritten=299 stateCompactions=0
FAIL missing location header uses STR9 with normalized header names and material type => Missing location header not handled
2026-09-29 06:58:28 SCAN files=1 folder=C:\Users\pusit\AppData\Local\Temp\hvp-regression-f70bca2bfd674f37804273cc0bdc222a
2026-09-29 06:58:28 START file=sap-Z02J-HVP.txt creationUtc=2026-09-28T23:58:28.5854149Z lastWriteUtc=2026-09-28T23:58:28.5854149Z attempt=1/3
2026-09-29 06:58:28 DB COMMANDS completedRecords=2 file=sap-Z02J-HVP.txt; this is not an affected-row count.
2026-09-29 06:58:28 DONE file=sap-Z02J-HVP.txt
2026-09-29 06:58:28 SCAN END completedFiles=1 elapsedMs=3 files=1 stateCount=1 stateReloaded=True stateLoadMs=0 enumerateMs=0 sortedFiles=1 stateBytesWritten=299 stateCompactions=0
FAIL a truncated mapped field never partially updates existing materials => Truncated field was treated as a blank value
2026-09-29 06:58:28 SCAN files=1 folder=C:\Users\pusit\AppData\Local\Temp\hvp-regression-2b7b4919cbae46b6a9f0b21c8ec87736
2026-09-29 06:58:28 START file=sap-Z02J-HVP.txt creationUtc=2026-09-28T23:58:28.5910193Z lastWriteUtc=2026-09-28T23:58:28.5910193Z attempt=1/3
2026-09-29 06:58:28 DB COMMANDS completedRecords=2 file=sap-Z02J-HVP.txt; this is not an affected-row count.
2026-09-29 06:58:28 DONE file=sap-Z02J-HVP.txt
2026-09-29 06:58:28 SCAN END completedFiles=1 elapsedMs=3 files=1 stateCount=1 stateReloaded=True stateLoadMs=0 enumerateMs=0 sortedFiles=1 stateBytesWritten=301 stateCompactions=0
2026-09-29 06:58:28 SCAN files=1 folder=C:\Users\pusit\AppData\Local\Temp\hvp-regression-2b7b4919cbae46b6a9f0b21c8ec87736
2026-09-29 06:58:28 SCAN END completedFiles=0 elapsedMs=0 files=1 stateCount=1 stateReloaded=False stateLoadMs=0 enumerateMs=0 sortedFiles=0 stateBytesWritten=0 stateCompactions=0
2026-09-29 06:58:28 SCAN files=1 folder=C:\Users\pusit\AppData\Local\Temp\hvp-regression-2b7b4919cbae46b6a9f0b21c8ec87736
2026-09-29 06:58:28 SCAN END completedFiles=0 elapsedMs=0 files=1 stateCount=1 stateReloaded=False stateLoadMs=0 enumerateMs=0 sortedFiles=0 stateBytesWritten=0 stateCompactions=0
2026-09-29 06:58:28 SCAN files=1 folder=C:\Users\pusit\AppData\Local\Temp\hvp-regression-2b7b4919cbae46b6a9f0b21c8ec87736
2026-09-29 06:58:28 SCAN END completedFiles=0 elapsedMs=0 files=1 stateCount=1 stateReloaded=False stateLoadMs=0 enumerateMs=0 sortedFiles=0 stateBytesWritten=0 stateCompactions=0
FAIL missing Plant for a new material rolls back the file and skips after three attempts => Failed file was partly committed
2026-09-29 06:58:28 SCAN files=1 folder=C:\Users\pusit\AppData\Local\Temp\hvp-regression-edf0ccb3be3d442eac316b96f818fedf
2026-09-29 06:58:28 START file=sap-Z02J-HVP.txt creationUtc=2026-09-28T23:58:28.5977440Z lastWriteUtc=2026-09-28T23:58:28.5977440Z attempt=1/3
2026-09-29 06:58:28 INVALID ROW file=sap-Z02J-HVP.txt line=3
2026-09-29 06:58:28 FAILED file=sap-Z02J-HVP.txt attempt=1/3 type=System.IO.InvalidDataException hresult=-2146233087
2026-09-29 06:58:28 Incomplete SAP row; no rows from this file have been applied.
2026-09-29 06:58:28 SCAN END completedFiles=0 elapsedMs=3 files=1 stateCount=1 stateReloaded=True stateLoadMs=0 enumerateMs=0 sortedFiles=1 stateBytesWritten=304 stateCompactions=0
PASS blank Material rejects the whole file before DB work
Failures: 33
