2026-09-14 22:43:26 SCAN files=1 folder=C:\Users\pusit\AppData\Local\Temp\hvp-regression-898075a48f7e43f7818d27e29bcd3991
2026-09-14 22:43:26 START file=old-Z02J-HVP.txt creationUtc=2026-09-14T15:13:26.3568046Z lastWriteUtc=2026-09-14T15:43:21.3570526Z attempt=1/3
2026-09-14 22:43:26 DB COMMANDS completedRecords=1 file=old-Z02J-HVP.txt; this is not an affected-row count.
2026-09-14 22:43:26 DONE file=old-Z02J-HVP.txt
2026-09-14 22:43:26 SCAN END completedFiles=1 elapsedMs=17 files=1 stateCount=1 stateReloaded=True stateLoadMs=0 enumerateMs=2 sortedFiles=1 stateBytesWritten=299 stateCompactions=0
PASS older creation time with recently updated time is still processed
2026-09-14 22:43:26 SCAN files=3 folder=C:\Users\pusit\AppData\Local\Temp\hvp-regression-ea882cbe34e048f58d83d866783140c5
2026-09-14 22:43:26 START file=a-Z02J-HVP.txt creationUtc=2026-09-14T15:13:26.3787995Z lastWriteUtc=2026-09-14T15:13:26.3788710Z attempt=1/3
2026-09-14 22:43:26 DB COMMANDS completedRecords=1 file=a-Z02J-HVP.txt; this is not an affected-row count.
2026-09-14 22:43:26 DONE file=a-Z02J-HVP.txt
2026-09-14 22:43:26 START file=b-Z02J-HVP.txt creationUtc=2026-09-14T15:23:26.3797190Z lastWriteUtc=2026-09-14T15:23:26.3797889Z attempt=1/3
2026-09-14 22:43:26 DB COMMANDS completedRecords=1 file=b-Z02J-HVP.txt; this is not an affected-row count.
2026-09-14 22:43:26 DONE file=b-Z02J-HVP.txt
2026-09-14 22:43:26 START file=z-Z02J-HVP.txt creationUtc=2026-09-14T15:33:26.3782516Z lastWriteUtc=2026-09-14T15:33:26.3783125Z attempt=1/3
2026-09-14 22:43:26 DB COMMANDS completedRecords=1 file=z-Z02J-HVP.txt; this is not an affected-row count.
2026-09-14 22:43:26 DONE file=z-Z02J-HVP.txt
2026-09-14 22:43:26 SCAN END completedFiles=3 elapsedMs=8 files=3 stateCount=3 stateReloaded=True stateLoadMs=0 enumerateMs=0 sortedFiles=3 stateBytesWritten=885 stateCompactions=0
PASS all pending files run in creation order with stable tie order
2026-09-14 22:43:26 SCAN files=1 folder=C:\Users\pusit\AppData\Local\Temp\hvp-regression-756c4b8d2f7b4fe8847af3b627abec27
2026-09-14 22:43:26 START file=one-Z02J-HVP.txt creationUtc=2026-09-14T15:42:26.3898128Z lastWriteUtc=2026-09-14T15:42:26.3898770Z attempt=1/3
2026-09-14 22:43:26 DB COMMANDS completedRecords=1 file=one-Z02J-HVP.txt; this is not an affected-row count.
2026-09-14 22:43:26 DONE file=one-Z02J-HVP.txt
2026-09-14 22:43:26 SCAN END completedFiles=1 elapsedMs=2 files=1 stateCount=1 stateReloaded=True stateLoadMs=0 enumerateMs=0 sortedFiles=1 stateBytesWritten=299 stateCompactions=0
2026-09-14 22:43:26 SCAN files=1 folder=C:\Users\pusit\AppData\Local\Temp\hvp-regression-756c4b8d2f7b4fe8847af3b627abec27
2026-09-14 22:43:26 SCAN END completedFiles=0 elapsedMs=0 files=1 stateCount=1 stateReloaded=True stateLoadMs=0 enumerateMs=0 sortedFiles=0 stateBytesWritten=0 stateCompactions=0
PASS success survives processor restart without replay; source remains intact
2026-09-14 22:43:26 SCAN files=1 folder=C:\Users\pusit\AppData\Local\Temp\hvp-regression-39026ec0783245f79c071f5798c0eaa2
2026-09-14 22:43:26 START file=same-Z02J-HVP.txt creationUtc=2026-09-14T15:23:26.3953342Z lastWriteUtc=2026-09-14T15:23:26.3953985Z attempt=1/3
2026-09-14 22:43:26 DB COMMANDS completedRecords=1 file=same-Z02J-HVP.txt; this is not an affected-row count.
2026-09-14 22:43:26 DONE file=same-Z02J-HVP.txt
2026-09-14 22:43:26 SCAN END completedFiles=1 elapsedMs=2 files=1 stateCount=1 stateReloaded=True stateLoadMs=0 enumerateMs=0 sortedFiles=1 stateBytesWritten=301 stateCompactions=0
2026-09-14 22:43:26 SCAN files=1 folder=C:\Users\pusit\AppData\Local\Temp\hvp-regression-39026ec0783245f79c071f5798c0eaa2
2026-09-14 22:43:26 START file=same-Z02J-HVP.txt creationUtc=2026-09-14T15:23:26.3953342Z lastWriteUtc=2026-09-14T15:43:21.3992004Z attempt=1/3
2026-09-14 22:43:26 DB COMMANDS completedRecords=1 file=same-Z02J-HVP.txt; this is not an affected-row count.
2026-09-14 22:43:26 DONE file=same-Z02J-HVP.txt
2026-09-14 22:43:26 SCAN END completedFiles=1 elapsedMs=2 files=1 stateCount=1 stateReloaded=False stateLoadMs=0 enumerateMs=0 sortedFiles=1 stateBytesWritten=301 stateCompactions=0
PASS same pathname with changed time/content is processed again
2026-09-14 22:43:26 SCAN files=1 folder=C:\Users\pusit\AppData\Local\Temp\hvp-regression-ea86a3bccf5a4a1cad3d24c0f22fb297
2026-09-14 22:43:26 START file=header-Z02J-HVP.txt creationUtc=2026-09-14T15:42:26.4031359Z lastWriteUtc=2026-09-14T15:42:26.4032119Z attempt=1/3
2026-09-14 22:43:26 DB COMMANDS completedRecords=2 file=header-Z02J-HVP.txt; this is not an affected-row count.
2026-09-14 22:43:26 DONE file=header-Z02J-HVP.txt
2026-09-14 22:43:26 SCAN END completedFiles=1 elapsedMs=3 files=1 stateCount=1 stateReloaded=True stateLoadMs=0 enumerateMs=0 sortedFiles=1 stateBytesWritten=305 stateCompactions=0
PASS header padding and case don't lose a valid SAP export
2026-09-14 22:43:26 SCAN files=1 folder=C:\Users\pusit\AppData\Local\Temp\hvp-regression-5329cf24bc844af585a79101326143c5
2026-09-14 22:43:26 START file=short-Z02J-HVP.txt creationUtc=2026-09-14T15:42:26.4079359Z lastWriteUtc=2026-09-14T15:42:26.4079946Z attempt=1/3
2026-09-14 22:43:26 INVALID ROW file=short-Z02J-HVP.txt line=3
2026-09-14 22:43:26 FAILED file=short-Z02J-HVP.txt attempt=1/3 type=System.IO.InvalidDataException hresult=-2146233087
2026-09-14 22:43:26 Incomplete SAP row; no rows from this file have been applied.
2026-09-14 22:43:26 SCAN END completedFiles=0 elapsedMs=3 files=1 stateCount=1 stateReloaded=True stateLoadMs=0 enumerateMs=0 sortedFiles=1 stateBytesWritten=306 stateCompactions=0
PASS truncated row doesn't clear a flag or partly apply the file
2026-09-14 22:43:26 SCAN files=2 folder=C:\Users\pusit\AppData\Local\Temp\hvp-regression-79bab3b6d45e46369ce9451fa47443a5
2026-09-14 22:43:26 START file=first-Z02J-HVP.txt creationUtc=2026-09-14T15:23:26.4131624Z lastWriteUtc=2026-09-14T15:23:26.4132253Z attempt=1/3
2026-09-14 22:43:26 FAILED file=first-Z02J-HVP.txt attempt=1/3 type=System.InvalidOperationException hresult=-2146233079
2026-09-14 22:43:26 SCAN END completedFiles=0 elapsedMs=2 files=2 stateCount=2 stateReloaded=True stateLoadMs=0 enumerateMs=0 sortedFiles=2 stateBytesWritten=460 stateCompactions=0
2026-09-14 22:43:26 SCAN files=2 folder=C:\Users\pusit\AppData\Local\Temp\hvp-regression-79bab3b6d45e46369ce9451fa47443a5
2026-09-14 22:43:26 START file=first-Z02J-HVP.txt creationUtc=2026-09-14T15:23:26.4131624Z lastWriteUtc=2026-09-14T15:23:26.4132253Z attempt=2/3
2026-09-14 22:43:26 DB COMMANDS completedRecords=1 file=first-Z02J-HVP.txt; this is not an affected-row count.
2026-09-14 22:43:26 DONE file=first-Z02J-HVP.txt
2026-09-14 22:43:26 START file=second-Z02J-HVP.txt creationUtc=2026-09-14T15:33:26.4136216Z lastWriteUtc=2026-09-14T15:33:26.4136857Z attempt=1/3
2026-09-14 22:43:26 DB COMMANDS completedRecords=1 file=second-Z02J-HVP.txt; this is not an affected-row count.
2026-09-14 22:43:26 DONE file=second-Z02J-HVP.txt
2026-09-14 22:43:26 SCAN END completedFiles=2 elapsedMs=3 files=2 stateCount=2 stateReloaded=False stateLoadMs=0 enumerateMs=0 sortedFiles=2 stateBytesWritten=301 stateCompactions=0
PASS failed oldest file blocks later writes until retry succeeds
2026-09-14 22:43:26 SOURCE UNAVAILABLE folder=C:\Users\pusit\AppData\Local\Temp\hvp-regression-e67c07cff092497c98413d88d6e0f81f\missing
2026-09-14 22:43:26 SCAN END completedFiles=0 elapsedMs=0 files=0 stateCount=0 stateReloaded=False stateLoadMs=0 enumerateMs=0 sortedFiles=0 stateBytesWritten=0 stateCompactions=0
PASS unavailable source folder has a visible failure
2026-09-14 22:43:26 DB CONFIG FAILED: set connectionStrings/Material in Z02JHVPService.exe.config.
PASS missing direct connection cannot claim successful initialization
2026-09-14 22:43:26 SCAN files=2 folder=C:\Users\pusit\AppData\Local\Temp\hvp-regression-51890066a65e47ed8d28ac2c22b81d04
2026-09-14 22:43:26 START file=old-Z02J-HVP.txt creationUtc=2026-09-14T15:13:26.4242937Z lastWriteUtc=2026-09-14T15:13:26.4243672Z attempt=1/3
2026-09-14 22:43:26 DB COMMANDS completedRecords=1 file=old-Z02J-HVP.txt; this is not an affected-row count.
2026-09-14 22:43:26 DONE file=old-Z02J-HVP.txt
2026-09-14 22:43:26 START file=new-Z02J-HVP.txt creationUtc=2026-09-14T15:23:26.4247803Z lastWriteUtc=2026-09-14T15:23:26.4249163Z attempt=1/3
2026-09-14 22:43:26 DB COMMANDS completedRecords=1 file=new-Z02J-HVP.txt; this is not an affected-row count.
2026-09-14 22:43:26 DONE file=new-Z02J-HVP.txt
2026-09-14 22:43:26 SCAN END completedFiles=2 elapsedMs=4 files=2 stateCount=2 stateReloaded=True stateLoadMs=0 enumerateMs=0 sortedFiles=2 stateBytesWritten=598 stateCompactions=0
2026-09-14 22:43:26 SCAN files=2 folder=C:\Users\pusit\AppData\Local\Temp\hvp-regression-51890066a65e47ed8d28ac2c22b81d04
2026-09-14 22:43:26 START file=old-Z02J-HVP.txt creationUtc=2026-09-14T15:13:26.4242937Z lastWriteUtc=2026-09-14T15:43:21.4300218Z attempt=1/3
2026-09-14 22:43:26 DB COMMANDS completedRecords=1 file=old-Z02J-HVP.txt; this is not an affected-row count.
2026-09-14 22:43:26 DONE file=old-Z02J-HVP.txt
2026-09-14 22:43:26 START file=new-Z02J-HVP.txt creationUtc=2026-09-14T15:23:26.4247803Z lastWriteUtc=2026-09-14T15:23:26.4249163Z attempt=1/3
2026-09-14 22:43:26 FAILED file=new-Z02J-HVP.txt attempt=1/3 type=System.InvalidOperationException hresult=-2146233079
2026-09-14 22:43:26 SCAN END completedFiles=1 elapsedMs=2 files=2 stateCount=2 stateReloaded=True stateLoadMs=0 enumerateMs=0 sortedFiles=2 stateBytesWritten=601 stateCompactions=0
2026-09-14 22:43:26 SCAN files=2 folder=C:\Users\pusit\AppData\Local\Temp\hvp-regression-51890066a65e47ed8d28ac2c22b81d04
2026-09-14 22:43:26 START file=new-Z02J-HVP.txt creationUtc=2026-09-14T15:23:26.4247803Z lastWriteUtc=2026-09-14T15:23:26.4249163Z attempt=2/3
2026-09-14 22:43:26 DB COMMANDS completedRecords=1 file=new-Z02J-HVP.txt; this is not an affected-row count.
2026-09-14 22:43:26 DONE file=new-Z02J-HVP.txt
2026-09-14 22:43:26 SCAN END completedFiles=1 elapsedMs=1 files=2 stateCount=2 stateReloaded=True stateLoadMs=0 enumerateMs=0 sortedFiles=1 stateBytesWritten=148 stateCompactions=0
PASS changed older file replays later files, including a failed replay after restart
PASS concurrent process cannot enter the same checkpoint job
PASS SQL applies by material only, never plant/sloc
2026-09-14 22:43:26 SCAN files=2 folder=C:\Users\pusit\AppData\Local\Temp\hvp-regression-d25d8a5eced945969cf6bd060b788b1e
2026-09-14 22:43:26 START file=bad-Z02J-HVP.txt creationUtc=2026-09-14T15:23:26.4396273Z lastWriteUtc=2026-09-14T15:23:26.4396945Z attempt=1/3
2026-09-14 22:43:26 FAILED file=bad-Z02J-HVP.txt attempt=1/3 type=System.InvalidOperationException hresult=-2146233079
2026-09-14 22:43:26 SCAN END completedFiles=0 elapsedMs=2 files=2 stateCount=2 stateReloaded=True stateLoadMs=0 enumerateMs=0 sortedFiles=2 stateBytesWritten=454 stateCompactions=0
2026-09-14 22:43:26 SCAN files=2 folder=C:\Users\pusit\AppData\Local\Temp\hvp-regression-d25d8a5eced945969cf6bd060b788b1e
2026-09-14 22:43:26 START file=bad-Z02J-HVP.txt creationUtc=2026-09-14T15:23:26.4396273Z lastWriteUtc=2026-09-14T15:23:26.4396945Z attempt=2/3
2026-09-14 22:43:26 FAILED file=bad-Z02J-HVP.txt attempt=2/3 type=System.InvalidOperationException hresult=-2146233079
2026-09-14 22:43:26 SCAN END completedFiles=0 elapsedMs=1 files=2 stateCount=2 stateReloaded=True stateLoadMs=0 enumerateMs=0 sortedFiles=2 stateBytesWritten=151 stateCompactions=0
2026-09-14 22:43:26 SCAN files=2 folder=C:\Users\pusit\AppData\Local\Temp\hvp-regression-d25d8a5eced945969cf6bd060b788b1e
2026-09-14 22:43:26 START file=bad-Z02J-HVP.txt creationUtc=2026-09-14T15:23:26.4396273Z lastWriteUtc=2026-09-14T15:23:26.4396945Z attempt=3/3
2026-09-14 22:43:26 FAILED file=bad-Z02J-HVP.txt attempt=3/3 type=System.InvalidOperationException hresult=-2146233079
2026-09-14 22:43:26 SKIP file=bad-Z02J-HVP.txt; attempt limit reached; input unchanged.
2026-09-14 22:43:26 START file=next-Z02J-HVP.txt creationUtc=2026-09-14T15:33:26.4400768Z lastWriteUtc=2026-09-14T15:33:26.4401336Z attempt=1/3
2026-09-14 22:43:26 DB COMMANDS completedRecords=1 file=next-Z02J-HVP.txt; this is not an affected-row count.
2026-09-14 22:43:26 DONE file=next-Z02J-HVP.txt
2026-09-14 22:43:26 SCAN END completedFiles=1 elapsedMs=2 files=2 stateCount=2 stateReloaded=True stateLoadMs=0 enumerateMs=0 sortedFiles=2 stateBytesWritten=300 stateCompactions=0
2026-09-14 22:43:26 SCAN files=2 folder=C:\Users\pusit\AppData\Local\Temp\hvp-regression-d25d8a5eced945969cf6bd060b788b1e
2026-09-14 22:43:26 SCAN END completedFiles=0 elapsedMs=0 files=2 stateCount=2 stateReloaded=True stateLoadMs=0 enumerateMs=0 sortedFiles=0 stateBytesWritten=0 stateCompactions=0
2026-09-14 22:43:26 SCAN files=2 folder=C:\Users\pusit\AppData\Local\Temp\hvp-regression-d25d8a5eced945969cf6bd060b788b1e
2026-09-14 22:43:26 START file=bad-Z02J-HVP.txt creationUtc=2026-09-14T15:23:26.4396273Z lastWriteUtc=2026-09-14T15:43:24.4483278Z attempt=1/3
2026-09-14 22:43:26 DB COMMANDS completedRecords=1 file=bad-Z02J-HVP.txt; this is not an affected-row count.
2026-09-14 22:43:26 DONE file=bad-Z02J-HVP.txt
2026-09-14 22:43:26 START file=next-Z02J-HVP.txt creationUtc=2026-09-14T15:33:26.4400768Z lastWriteUtc=2026-09-14T15:33:26.4401336Z attempt=1/3
2026-09-14 22:43:26 DB COMMANDS completedRecords=1 file=next-Z02J-HVP.txt; this is not an affected-row count.
2026-09-14 22:43:26 DONE file=next-Z02J-HVP.txt
2026-09-14 22:43:26 SCAN END completedFiles=2 elapsedMs=3 files=2 stateCount=2 stateReloaded=True stateLoadMs=0 enumerateMs=0 sortedFiles=2 stateBytesWritten=600 stateCompactions=0
PASS third failure skips persistently and continues to the next file
2026-09-14 22:43:26 SCAN files=2 folder=C:\Users\pusit\AppData\Local\Temp\hvp-regression-d0f920fd28334adfa69564c4b3d3749b
2026-09-14 22:43:26 START file=bad-Z02J-HVP.txt creationUtc=2026-09-14T15:23:26.4530958Z lastWriteUtc=2026-09-14T15:23:26.4531611Z attempt=1/1
2026-09-14 22:43:26 FAILED file=bad-Z02J-HVP.txt attempt=1/1 type=System.InvalidOperationException hresult=-2146233079
2026-09-14 22:43:26 SKIP file=bad-Z02J-HVP.txt; attempt limit reached; input unchanged.
2026-09-14 22:43:26 START file=next-Z02J-HVP.txt creationUtc=2026-09-14T15:33:26.4535588Z lastWriteUtc=2026-09-14T15:33:26.4536312Z attempt=1/1
2026-09-14 22:43:26 DB COMMANDS completedRecords=1 file=next-Z02J-HVP.txt; this is not an affected-row count.
2026-09-14 22:43:26 DONE file=next-Z02J-HVP.txt
2026-09-14 22:43:26 SCAN END completedFiles=1 elapsedMs=4 files=2 stateCount=2 stateReloaded=True stateLoadMs=0 enumerateMs=0 sortedFiles=2 stateBytesWritten=603 stateCompactions=0
PASS configured attempt limit 1
2026-09-14 22:43:26 SCAN files=2 folder=C:\Users\pusit\AppData\Local\Temp\hvp-regression-a3d2c08720354ff7957195ec6aa3ff18
2026-09-14 22:43:26 START file=bad-Z02J-HVP.txt creationUtc=2026-09-14T15:23:26.4593753Z lastWriteUtc=2026-09-14T15:23:26.4594470Z attempt=1/2
2026-09-14 22:43:26 FAILED file=bad-Z02J-HVP.txt attempt=1/2 type=System.InvalidOperationException hresult=-2146233079
2026-09-14 22:43:26 SCAN END completedFiles=0 elapsedMs=3 files=2 stateCount=2 stateReloaded=True stateLoadMs=0 enumerateMs=0 sortedFiles=2 stateBytesWritten=454 stateCompactions=0
2026-09-14 22:43:26 SCAN files=2 folder=C:\Users\pusit\AppData\Local\Temp\hvp-regression-a3d2c08720354ff7957195ec6aa3ff18
2026-09-14 22:43:26 START file=bad-Z02J-HVP.txt creationUtc=2026-09-14T15:23:26.4593753Z lastWriteUtc=2026-09-14T15:23:26.4594470Z attempt=2/2
2026-09-14 22:43:26 FAILED file=bad-Z02J-HVP.txt attempt=2/2 type=System.InvalidOperationException hresult=-2146233079
2026-09-14 22:43:26 SKIP file=bad-Z02J-HVP.txt; attempt limit reached; input unchanged.
2026-09-14 22:43:26 START file=next-Z02J-HVP.txt creationUtc=2026-09-14T15:33:26.4596450Z lastWriteUtc=2026-09-14T15:33:26.4596912Z attempt=1/2
2026-09-14 22:43:26 DB COMMANDS completedRecords=1 file=next-Z02J-HVP.txt; this is not an affected-row count.
2026-09-14 22:43:26 DONE file=next-Z02J-HVP.txt
2026-09-14 22:43:26 SCAN END completedFiles=1 elapsedMs=3 files=2 stateCount=2 stateReloaded=True stateLoadMs=0 enumerateMs=0 sortedFiles=2 stateBytesWritten=300 stateCompactions=0
PASS configured attempt limit 2
2026-09-14 22:43:26 SCAN files=2 folder=C:\Users\pusit\AppData\Local\Temp\hvp-regression-29c8ce6c72b04b9d88810c1c9f7a2aac
2026-09-14 22:43:26 START file=bad-Z02J-HVP.txt creationUtc=2026-09-14T15:23:26.4673669Z lastWriteUtc=2026-09-14T15:23:26.4674323Z attempt=1/3
2026-09-14 22:43:26 FAILED file=bad-Z02J-HVP.txt attempt=1/3 type=System.InvalidOperationException hresult=-2146233079
2026-09-14 22:43:26 SCAN END completedFiles=0 elapsedMs=3 files=2 stateCount=2 stateReloaded=True stateLoadMs=0 enumerateMs=0 sortedFiles=2 stateBytesWritten=454 stateCompactions=0
2026-09-14 22:43:26 SCAN files=2 folder=C:\Users\pusit\AppData\Local\Temp\hvp-regression-29c8ce6c72b04b9d88810c1c9f7a2aac
2026-09-14 22:43:26 START file=bad-Z02J-HVP.txt creationUtc=2026-09-14T15:23:26.4673669Z lastWriteUtc=2026-09-14T15:23:26.4674323Z attempt=2/3
2026-09-14 22:43:26 FAILED file=bad-Z02J-HVP.txt attempt=2/3 type=System.InvalidOperationException hresult=-2146233079
2026-09-14 22:43:26 SCAN END completedFiles=0 elapsedMs=1 files=2 stateCount=2 stateReloaded=True stateLoadMs=0 enumerateMs=0 sortedFiles=2 stateBytesWritten=151 stateCompactions=0
2026-09-14 22:43:26 SCAN files=2 folder=C:\Users\pusit\AppData\Local\Temp\hvp-regression-29c8ce6c72b04b9d88810c1c9f7a2aac
2026-09-14 22:43:26 START file=bad-Z02J-HVP.txt creationUtc=2026-09-14T15:23:26.4673669Z lastWriteUtc=2026-09-14T15:23:26.4674323Z attempt=3/3
2026-09-14 22:43:26 FAILED file=bad-Z02J-HVP.txt attempt=3/3 type=System.InvalidOperationException hresult=-2146233079
2026-09-14 22:43:26 SKIP file=bad-Z02J-HVP.txt; attempt limit reached; input unchanged.
2026-09-14 22:43:26 START file=next-Z02J-HVP.txt creationUtc=2026-09-14T15:33:26.4677250Z lastWriteUtc=2026-09-14T15:33:26.4677740Z attempt=1/3
2026-09-14 22:43:26 DB COMMANDS completedRecords=1 file=next-Z02J-HVP.txt; this is not an affected-row count.
2026-09-14 22:43:26 DONE file=next-Z02J-HVP.txt
2026-09-14 22:43:26 SCAN END completedFiles=1 elapsedMs=2 files=2 stateCount=2 stateReloaded=True stateLoadMs=0 enumerateMs=0 sortedFiles=2 stateBytesWritten=300 stateCompactions=0
PASS configured attempt limit bad
2026-09-14 22:43:26 SCAN files=2 folder=C:\Users\pusit\AppData\Local\Temp\hvp-regression-573131516d2e49ffa7f7e9c39d59081c
2026-09-14 22:43:26 START file=bad-Z02J-HVP.txt creationUtc=2026-09-14T15:23:26.4760966Z lastWriteUtc=2026-09-14T15:23:26.4763380Z attempt=1/3
2026-09-14 22:43:26 FAILED file=bad-Z02J-HVP.txt attempt=1/3 type=System.InvalidOperationException hresult=-2146233079
2026-09-14 22:43:26 SCAN END completedFiles=0 elapsedMs=2 files=2 stateCount=2 stateReloaded=True stateLoadMs=0 enumerateMs=0 sortedFiles=2 stateBytesWritten=454 stateCompactions=0
2026-09-14 22:43:26 SCAN files=2 folder=C:\Users\pusit\AppData\Local\Temp\hvp-regression-573131516d2e49ffa7f7e9c39d59081c
2026-09-14 22:43:26 START file=bad-Z02J-HVP.txt creationUtc=2026-09-14T15:23:26.4760966Z lastWriteUtc=2026-09-14T15:23:26.4763380Z attempt=2/3
2026-09-14 22:43:26 FAILED file=bad-Z02J-HVP.txt attempt=2/3 type=System.InvalidOperationException hresult=-2146233079
2026-09-14 22:43:26 SCAN END completedFiles=0 elapsedMs=1 files=2 stateCount=2 stateReloaded=True stateLoadMs=0 enumerateMs=0 sortedFiles=2 stateBytesWritten=151 stateCompactions=0
2026-09-14 22:43:26 SCAN files=2 folder=C:\Users\pusit\AppData\Local\Temp\hvp-regression-573131516d2e49ffa7f7e9c39d59081c
2026-09-14 22:43:26 START file=bad-Z02J-HVP.txt creationUtc=2026-09-14T15:23:26.4760966Z lastWriteUtc=2026-09-14T15:23:26.4763380Z attempt=3/3
2026-09-14 22:43:26 FAILED file=bad-Z02J-HVP.txt attempt=3/3 type=System.InvalidOperationException hresult=-2146233079
2026-09-14 22:43:26 SKIP file=bad-Z02J-HVP.txt; attempt limit reached; input unchanged.
2026-09-14 22:43:26 START file=next-Z02J-HVP.txt creationUtc=2026-09-14T15:33:26.4767503Z lastWriteUtc=2026-09-14T15:33:26.4768181Z attempt=1/3
2026-09-14 22:43:26 DB COMMANDS completedRecords=1 file=next-Z02J-HVP.txt; this is not an affected-row count.
2026-09-14 22:43:26 DONE file=next-Z02J-HVP.txt
2026-09-14 22:43:26 SCAN END completedFiles=1 elapsedMs=2 files=2 stateCount=2 stateReloaded=True stateLoadMs=0 enumerateMs=0 sortedFiles=2 stateBytesWritten=300 stateCompactions=0
PASS configured attempt limit 0
2026-09-14 22:43:26 SCAN files=2 folder=C:\Users\pusit\AppData\Local\Temp\hvp-regression-d90c0e1222c14c94bfc32ef29ce70b2a
2026-09-14 22:43:26 START file=bad-Z02J-HVP.txt creationUtc=2026-09-14T15:23:26.4857071Z lastWriteUtc=2026-09-14T15:23:26.4857740Z attempt=1/3
2026-09-14 22:43:26 FAILED file=bad-Z02J-HVP.txt attempt=1/3 type=System.InvalidOperationException hresult=-2146233079
2026-09-14 22:43:26 SCAN END completedFiles=0 elapsedMs=3 files=2 stateCount=2 stateReloaded=True stateLoadMs=0 enumerateMs=0 sortedFiles=2 stateBytesWritten=454 stateCompactions=0
2026-09-14 22:43:26 SCAN files=2 folder=C:\Users\pusit\AppData\Local\Temp\hvp-regression-d90c0e1222c14c94bfc32ef29ce70b2a
2026-09-14 22:43:26 START file=bad-Z02J-HVP.txt creationUtc=2026-09-14T15:23:26.4857071Z lastWriteUtc=2026-09-14T15:23:26.4857740Z attempt=2/3
2026-09-14 22:43:26 FAILED file=bad-Z02J-HVP.txt attempt=2/3 type=System.InvalidOperationException hresult=-2146233079
2026-09-14 22:43:26 SCAN END completedFiles=0 elapsedMs=1 files=2 stateCount=2 stateReloaded=True stateLoadMs=0 enumerateMs=0 sortedFiles=2 stateBytesWritten=151 stateCompactions=0
2026-09-14 22:43:26 SCAN files=2 folder=C:\Users\pusit\AppData\Local\Temp\hvp-regression-d90c0e1222c14c94bfc32ef29ce70b2a
2026-09-14 22:43:26 START file=bad-Z02J-HVP.txt creationUtc=2026-09-14T15:23:26.4857071Z lastWriteUtc=2026-09-14T15:23:26.4857740Z attempt=3/3
2026-09-14 22:43:26 FAILED file=bad-Z02J-HVP.txt attempt=3/3 type=System.InvalidOperationException hresult=-2146233079
2026-09-14 22:43:26 SKIP file=bad-Z02J-HVP.txt; attempt limit reached; input unchanged.
2026-09-14 22:43:26 START file=next-Z02J-HVP.txt creationUtc=2026-09-14T15:33:26.4861669Z lastWriteUtc=2026-09-14T15:33:26.4862242Z attempt=1/3
2026-09-14 22:43:26 DB COMMANDS completedRecords=1 file=next-Z02J-HVP.txt; this is not an affected-row count.
2026-09-14 22:43:26 DONE file=next-Z02J-HVP.txt
2026-09-14 22:43:26 SCAN END completedFiles=1 elapsedMs=2 files=2 stateCount=2 stateReloaded=True stateLoadMs=0 enumerateMs=0 sortedFiles=2 stateBytesWritten=300 stateCompactions=0
PASS configured attempt limit -1
2026-09-14 22:43:26 SCAN files=1 folder=C:\Users\pusit\AppData\Local\Temp\hvp-regression-f141873917fd4ca98e5d28a6e8f88f60
2026-09-14 22:43:26 SCAN END completedFiles=0 elapsedMs=0 files=1 stateCount=1 stateReloaded=True stateLoadMs=0 enumerateMs=0 sortedFiles=0 stateBytesWritten=0 stateCompactions=0
PASS legacy four-column checkpoint remains compatible
2026-09-14 22:43:26 SCAN files=3 folder=C:\Users\pusit\AppData\Local\Temp\hvp-regression-94a3f8e33933485b986f77199cae3082
2026-09-14 22:43:26 START file=a-Z02J-HVP.txt creationUtc=2026-09-14T15:13:26.4990869Z lastWriteUtc=2026-09-14T15:13:26.4991552Z attempt=1/3
2026-09-14 22:43:26 DB COMMANDS completedRecords=1 file=a-Z02J-HVP.txt; this is not an affected-row count.
2026-09-14 22:43:26 DONE file=a-Z02J-HVP.txt
2026-09-14 22:43:26 DEFER file=b-Z02J-HVP.txt; changed since scan; reorder next scan.
2026-09-14 22:43:26 SCAN END completedFiles=1 elapsedMs=4 files=3 stateCount=3 stateReloaded=True stateLoadMs=0 enumerateMs=0 sortedFiles=3 stateBytesWritten=593 stateCompactions=0
2026-09-14 22:43:26 SCAN files=3 folder=C:\Users\pusit\AppData\Local\Temp\hvp-regression-94a3f8e33933485b986f77199cae3082
2026-09-14 22:43:26 START file=c-Z02J-HVP.txt creationUtc=2026-09-14T15:33:26.5000281Z lastWriteUtc=2026-09-14T15:33:26.5000924Z attempt=1/3
2026-09-14 22:43:26 DB COMMANDS completedRecords=1 file=c-Z02J-HVP.txt; this is not an affected-row count.
2026-09-14 22:43:26 DONE file=c-Z02J-HVP.txt
2026-09-14 22:43:26 START file=b-Z02J-HVP.txt creationUtc=2026-09-14T15:43:26.5033492Z lastWriteUtc=2026-09-14T15:43:26.5034513Z attempt=1/3
2026-09-14 22:43:26 DB COMMANDS completedRecords=1 file=b-Z02J-HVP.txt; this is not an affected-row count.
2026-09-14 22:43:26 DONE file=b-Z02J-HVP.txt
2026-09-14 22:43:26 SCAN END completedFiles=2 elapsedMs=3 files=3 stateCount=3 stateReloaded=True stateLoadMs=0 enumerateMs=0 sortedFiles=2 stateBytesWritten=441 stateCompactions=0
2026-09-14 22:43:26 SCAN files=3 folder=C:\Users\pusit\AppData\Local\Temp\hvp-regression-94a3f8e33933485b986f77199cae3082
2026-09-14 22:43:26 SCAN END completedFiles=0 elapsedMs=0 files=3 stateCount=3 stateReloaded=True stateLoadMs=0 enumerateMs=0 sortedFiles=0 stateBytesWritten=0 stateCompactions=0
PASS changed queued file is deferred and reordered newer
2026-09-14 22:43:26 SCAN files=3 folder=C:\Users\pusit\AppData\Local\Temp\hvp-regression-811ec31bb80543fea172cf522803e565
2026-09-14 22:43:26 START file=a-Z02J-HVP.txt creationUtc=2026-09-14T15:13:26.5098799Z lastWriteUtc=2026-09-14T15:13:26.5099552Z attempt=1/3
2026-09-14 22:43:26 DB COMMANDS completedRecords=1 file=a-Z02J-HVP.txt; this is not an affected-row count.
2026-09-14 22:43:26 DONE file=a-Z02J-HVP.txt
2026-09-14 22:43:26 DEFER file=b-Z02J-HVP.txt; changed since scan; reorder next scan.
2026-09-14 22:43:26 SCAN END completedFiles=1 elapsedMs=3 files=3 stateCount=3 stateReloaded=True stateLoadMs=0 enumerateMs=0 sortedFiles=3 stateBytesWritten=593 stateCompactions=0
2026-09-14 22:43:26 SCAN files=3 folder=C:\Users\pusit\AppData\Local\Temp\hvp-regression-811ec31bb80543fea172cf522803e565
2026-09-14 22:43:26 START file=b-Z02J-HVP.txt creationUtc=2026-09-14T15:03:26.5138184Z lastWriteUtc=2026-09-14T15:43:26.5138782Z attempt=1/3
2026-09-14 22:43:26 DB COMMANDS completedRecords=1 file=b-Z02J-HVP.txt; this is not an affected-row count.
2026-09-14 22:43:26 DONE file=b-Z02J-HVP.txt
2026-09-14 22:43:26 START file=a-Z02J-HVP.txt creationUtc=2026-09-14T15:13:26.5098799Z lastWriteUtc=2026-09-14T15:13:26.5099552Z attempt=1/3
2026-09-14 22:43:26 DB COMMANDS completedRecords=1 file=a-Z02J-HVP.txt; this is not an affected-row count.
2026-09-14 22:43:26 DONE file=a-Z02J-HVP.txt
2026-09-14 22:43:26 START file=c-Z02J-HVP.txt creationUtc=2026-09-14T15:33:26.5109335Z lastWriteUtc=2026-09-14T15:33:26.5109985Z attempt=1/3
2026-09-14 22:43:26 DB COMMANDS completedRecords=1 file=c-Z02J-HVP.txt; this is not an affected-row count.
2026-09-14 22:43:26 DONE file=c-Z02J-HVP.txt
2026-09-14 22:43:26 SCAN END completedFiles=3 elapsedMs=4 files=3 stateCount=3 stateReloaded=True stateLoadMs=0 enumerateMs=0 sortedFiles=3 stateBytesWritten=736 stateCompactions=0
2026-09-14 22:43:26 SCAN files=3 folder=C:\Users\pusit\AppData\Local\Temp\hvp-regression-811ec31bb80543fea172cf522803e565
2026-09-14 22:43:26 SCAN END completedFiles=0 elapsedMs=0 files=3 stateCount=3 stateReloaded=True stateLoadMs=0 enumerateMs=0 sortedFiles=0 stateBytesWritten=0 stateCompactions=0
PASS changed queued file is deferred and reordered older
2026-09-14 22:43:26 RETENTION TEST
PASS retention deletes expired filename dates and keeps boundary/current/future logs
2026-09-14 22:43:26 RETENTION SCOPE TEST
PASS retention only deletes exact daily log filenames in State
2026-09-14 22:43:26 RETENTION SOURCE DIRECTORY TEST
PASS retention skips cleanup when State is the SAP source directory
2026-09-14 22:43:26 RETENTION DEFAULT TEST
PASS retention uses 30-day default for missing config
2026-09-14 22:43:26 RETENTION DEFAULT TEST
PASS retention uses 30-day default for bad
2026-09-14 22:43:26 RETENTION DEFAULT TEST
PASS retention uses 30-day default for -1
2026-09-14 22:43:26 RETENTION DEFAULT TEST
PASS retention uses 30-day default for 2147483648
2026-09-14 22:43:26 RETENTION CONFIG TEST
PASS retention honors a configured positive number of days
2026-09-14 22:43:26 RETENTION DISABLED TEST
PASS retention zero disables cleanup while logging continues
2026-09-14 22:43:26 RETENTION LARGE CONFIG TEST
PASS retention very large positive setting does not overflow the cutoff
2026-09-14 22:43:26 RETENTION FIRST DIRECTORY
2026-09-14 22:43:26 RETENTION SAME DAY
2026-09-14 22:43:26 RETENTION SECOND DIRECTORY
2026-09-14 22:43:26 RETENTION RETURN TO FIRST
PASS retention runs once per day for each State directory
2026-09-14 22:43:26 RETENTION PREVIOUS DAY
2026-09-14 22:43:26 RETENTION NEXT DAY
PASS retention retries cleanup on the next local calendar day
2026-09-14 22:43:26 RETENTION CONTINUES AFTER FAILURE
2026-09-14 22:43:26 LOG CLEANUP FAILED; check State log permissions.
2026-09-14 22:43:26 RETENTION NO SAME DAY RETRY
PASS retention cleanup failure is sanitized and does not prevent writes or other deletions
2026-09-14 22:43:26 RETENTION REPARSE CHILD TEST
2026-09-14 22:43:26 RETENTION REPARSE STATE TEST
2026-09-14 22:43:26 RETENTION REPARSE ANCESTOR TEST
PASS retention skips reparse directories including State and its ancestors
2026-09-14 22:43:26 RETENTION CULTURE TEST
PASS retention uses Gregorian daily filenames regardless of process culture
2026-09-14 22:43:26 SCAN files=1 folder=C:\Users\pusit\AppData\Local\Temp\hvp-regression-a3fcbc5917714aa5ba34dddb09a6126e
2026-09-14 22:43:26 SCAN END completedFiles=0 elapsedMs=0 files=1 stateCount=1 stateReloaded=True stateLoadMs=0 enumerateMs=0 sortedFiles=0 stateBytesWritten=0 stateCompactions=0
PASS row-count compaction preserves the last committed state and bounds duplicate history
PASS daily compaction keeps pending attempts and does not run for every following append
PASS failed append invalidates uncommitted cached success
2026-09-14 22:43:26 SCAN files=1 folder=C:\Users\pusit\AppData\Local\Temp\hvp-regression-611dee478b4c4d2eaf9843eb86ecd1f8
2026-09-14 22:43:26 SCAN END completedFiles=0 elapsedMs=1 files=1 stateCount=1 stateReloaded=True stateLoadMs=0 enumerateMs=1 sortedFiles=0 stateBytesWritten=0 stateCompactions=0
PASS failed compaction leaves the appended result recoverable and ignores stale temp files
2026-09-14 22:43:26 STATE RECOVERED discardedUnterminatedBytes=137
2026-09-14 22:43:26 SCAN files=3 folder=C:\Users\pusit\AppData\Local\Temp\hvp-regression-50a6c9e1385743deb46e7186df020aa8
2026-09-14 22:43:26 START file=A-Z02J-HVP.txt creationUtc=2026-09-14T15:13:26.6164799Z lastWriteUtc=2026-09-14T15:43:26.6153706Z attempt=1/3
2026-09-14 22:43:26 DB COMMANDS completedRecords=1 file=A-Z02J-HVP.txt; this is not an affected-row count.
2026-09-14 22:43:26 DONE file=A-Z02J-HVP.txt
2026-09-14 22:43:26 START file=B-Z02J-HVP.txt creationUtc=2026-09-14T15:23:26.6165496Z lastWriteUtc=2026-09-14T15:43:26.6158755Z attempt=1/3
2026-09-14 22:43:26 DB COMMANDS completedRecords=1 file=B-Z02J-HVP.txt; this is not an affected-row count.
2026-09-14 22:43:26 DONE file=B-Z02J-HVP.txt
2026-09-14 22:43:26 START file=C-Z02J-HVP.txt creationUtc=2026-09-14T15:33:26.6165956Z lastWriteUtc=2026-09-14T15:43:26.6158755Z attempt=1/3
2026-09-14 22:43:26 DB COMMANDS completedRecords=1 file=C-Z02J-HVP.txt; this is not an affected-row count.
2026-09-14 22:43:26 DONE file=C-Z02J-HVP.txt
2026-09-14 22:43:26 SCAN END completedFiles=3 elapsedMs=7 files=3 stateCount=3 stateReloaded=True stateLoadMs=1 enumerateMs=0 sortedFiles=3 stateBytesWritten=736 stateCompactions=0
PASS partial pending tail before a crash is rebuilt before any DB write
2026-09-14 22:43:26 SCAN files=1 folder=C:\Users\pusit\AppData\Local\Temp\hvp-regression-8e276fa2636d4522b0e70d2936479f84
2026-09-14 22:43:26 SCAN END completedFiles=0 elapsedMs=1 files=1 stateCount=1 stateReloaded=True stateLoadMs=0 enumerateMs=1 sortedFiles=0 stateBytesWritten=0 stateCompactions=0
PASS atomic replacement failure preserves main checkpoint and ignores a completed temp snapshot
2026-09-14 22:43:26 SCAN files=1 folder=C:\Users\pusit\AppData\Local\Temp\hvp-regression-0c78b7946f474ad588aeaae1f05daf23
2026-09-14 22:43:26 START file=M1-Z02J-HVP.txt creationUtc=2026-09-14T15:43:26.6316534Z lastWriteUtc=2026-09-14T15:43:26.6316534Z attempt=1/3
2026-09-14 22:43:26 DB COMMANDS completedRecords=1 file=M1-Z02J-HVP.txt; this is not an affected-row count.
2026-09-14 22:43:26 DONE file=M1-Z02J-HVP.txt
2026-09-14 22:43:26 SCAN END completedFiles=1 elapsedMs=3 files=1 stateCount=1 stateReloaded=True stateLoadMs=0 enumerateMs=0 sortedFiles=1 stateBytesWritten=297 stateCompactions=0
2026-09-14 22:43:26 SCAN files=1 folder=C:\Users\pusit\AppData\Local\Temp\hvp-regression-0c78b7946f474ad588aeaae1f05daf23
2026-09-14 22:43:26 SCAN END completedFiles=0 elapsedMs=0 files=1 stateCount=1 stateReloaded=False stateLoadMs=0 enumerateMs=0 sortedFiles=0 stateBytesWritten=0 stateCompactions=0
PASS unchanged warm scan does not reopen checkpoint content
2026-09-14 22:43:26 SCAN files=1 folder=C:\Users\pusit\AppData\Local\Temp\hvp-regression-bce06364cd01421cad6c4861a5f4940b
2026-09-14 22:43:26 START file=M1-Z02J-HVP.txt creationUtc=2026-09-14T15:43:26.6466396Z lastWriteUtc=2026-09-14T15:43:26.6466396Z attempt=1/3
2026-09-14 22:43:26 DB COMMANDS completedRecords=1 file=M1-Z02J-HVP.txt; this is not an affected-row count.
2026-09-14 22:43:26 DONE file=M1-Z02J-HVP.txt
2026-09-14 22:43:26 SCAN END completedFiles=1 elapsedMs=7 files=1 stateCount=10001 stateReloaded=True stateLoadMs=4 enumerateMs=0 sortedFiles=1 stateBytesWritten=297 stateCompactions=0
2026-09-14 22:43:26 SCAN files=1 folder=C:\Users\pusit\AppData\Local\Temp\hvp-regression-bce06364cd01421cad6c4861a5f4940b
2026-09-14 22:43:26 SCAN END completedFiles=0 elapsedMs=9 files=1 stateCount=10001 stateReloaded=True stateLoadMs=9 enumerateMs=0 sortedFiles=0 stateBytesWritten=0 stateCompactions=0
PASS large history receives bounded appended updates for a new file
2026-09-14 22:43:26 STATE RECOVERED discardedUnterminatedBytes=143
2026-09-14 22:43:26 SCAN files=2 folder=C:\Users\pusit\AppData\Local\Temp\hvp-regression-450791ec21cb4df3a1bb596d2f02ba0a
2026-09-14 22:43:26 START file=PENDING-Z02J-HVP.txt creationUtc=2026-09-14T15:43:26.6770060Z lastWriteUtc=2026-09-14T15:43:26.6770060Z attempt=1/3
2026-09-14 22:43:26 DB COMMANDS completedRecords=1 file=PENDING-Z02J-HVP.txt; this is not an affected-row count.
2026-09-14 22:43:26 DONE file=PENDING-Z02J-HVP.txt
2026-09-14 22:43:26 SCAN END completedFiles=1 elapsedMs=3 files=2 stateCount=2 stateReloaded=True stateLoadMs=1 enumerateMs=0 sortedFiles=1 stateBytesWritten=307 stateCompactions=0
PASS unterminated append resembling a legacy done row cannot hide pending work
2026-09-14 22:43:26 SCAN END completedFiles=0 elapsedMs=0 files=0 stateCount=0 stateReloaded=False stateLoadMs=0 enumerateMs=0 sortedFiles=0 stateBytesWritten=0 stateCompactions=0
PASS complete malformed checkpoint record fails before DB writes
2026-09-14 22:43:26 SCAN files=1 folder=C:\Users\pusit\AppData\Local\Temp\hvp-regression-e03864e183fd4d80816776151a791566
2026-09-14 22:43:26 START file=M1-Z02J-HVP.txt creationUtc=2026-09-14T15:43:26.6877997Z lastWriteUtc=2026-09-14T15:43:26.6877997Z attempt=1/3
2026-09-14 22:43:26 DB COMMANDS completedRecords=1 file=M1-Z02J-HVP.txt; this is not an affected-row count.
2026-09-14 22:43:26 DONE file=M1-Z02J-HVP.txt
2026-09-14 22:43:26 SCAN END completedFiles=1 elapsedMs=3 files=1 stateCount=1 stateReloaded=True stateLoadMs=0 enumerateMs=0 sortedFiles=1 stateBytesWritten=297 stateCompactions=0
2026-09-14 22:43:26 SCAN END completedFiles=0 elapsedMs=0 files=0 stateCount=0 stateReloaded=False stateLoadMs=0 enumerateMs=0 sortedFiles=0 stateBytesWritten=0 stateCompactions=0
PASS external checkpoint change invalidates a warm cache
2026-09-14 22:43:26 SCAN files=1 folder=C:\Users\pusit\AppData\Local\Temp\hvp-regression-5d61d2252bcb4968895bf3916bbb4b9a
2026-09-14 22:43:26 START file=M1-Z02J-HVP.txt creationUtc=2026-09-14T15:43:26.6930449Z lastWriteUtc=2026-09-14T15:43:26.6930449Z attempt=1/3
2026-09-14 22:43:26 DB COMMANDS completedRecords=1 file=M1-Z02J-HVP.txt; this is not an affected-row count.
2026-09-14 22:43:26 DONE file=M1-Z02J-HVP.txt
2026-09-14 22:43:26 SCAN END completedFiles=1 elapsedMs=3 files=1 stateCount=1 stateReloaded=True stateLoadMs=0 enumerateMs=0 sortedFiles=1 stateBytesWritten=297 stateCompactions=0
2026-09-14 22:43:26 SCAN files=1 folder=C:\Users\pusit\AppData\Local\Temp\hvp-regression-5d61d2252bcb4968895bf3916bbb4b9a
2026-09-14 22:43:26 SCAN END completedFiles=0 elapsedMs=0 files=1 stateCount=1 stateReloaded=False stateLoadMs=0 enumerateMs=0 sortedFiles=0 stateBytesWritten=0 stateCompactions=0
PASS scan summary reports full duration state load and number sorted
PASS direct Material connection opens once and disposes after all records
2026-09-14 22:43:26 DB CONFIG FAILED: set connectionStrings/Material in Z02JHVPService.exe.config.
PASS missing Material config is rejected without opening Oracle
2026-09-14 22:43:26 DB CONFIG FAILED: set connectionStrings/Material in Z02JHVPService.exe.config.
PASS blank Material config is rejected
PASS empty work does not open an Oracle connection
PASS Oracle open failure propagates and disposes without writes
PASS Oracle command failure stops remaining records and disposes
PASS material value remains a parameter and is not inserted into SQL
2026-09-14 22:43:26 SCAN files=1 folder=C:\Users\pusit\AppData\Local\Temp\hvp-regression-2843b7e41e71414ea8b7868ac1f32979
2026-09-14 22:43:26 START file=one-Z02J-HVP.txt creationUtc=2026-09-14T15:43:26.7033894Z lastWriteUtc=2026-09-14T15:43:26.7033894Z attempt=1/3
2026-09-14 22:43:26 FAILED file=one-Z02J-HVP.txt attempt=1/3 type=System.InvalidOperationException hresult=-2146233079
2026-09-14 22:43:26 SCAN END completedFiles=0 elapsedMs=3 files=1 stateCount=1 stateReloaded=True stateLoadMs=0 enumerateMs=0 sortedFiles=1 stateBytesWritten=302 stateCompactions=0
2026-09-14 22:43:26 SCAN files=1 folder=C:\Users\pusit\AppData\Local\Temp\hvp-regression-2843b7e41e71414ea8b7868ac1f32979
2026-09-14 22:43:26 START file=one-Z02J-HVP.txt creationUtc=2026-09-14T15:43:26.7033894Z lastWriteUtc=2026-09-14T15:43:26.7033894Z attempt=2/3
2026-09-14 22:43:26 FAILED file=one-Z02J-HVP.txt attempt=2/3 type=System.InvalidOperationException hresult=-2146233079
2026-09-14 22:43:26 SCAN END completedFiles=0 elapsedMs=1 files=1 stateCount=1 stateReloaded=False stateLoadMs=0 enumerateMs=0 sortedFiles=1 stateBytesWritten=151 stateCompactions=0
2026-09-14 22:43:26 SCAN files=1 folder=C:\Users\pusit\AppData\Local\Temp\hvp-regression-2843b7e41e71414ea8b7868ac1f32979
2026-09-14 22:43:26 START file=one-Z02J-HVP.txt creationUtc=2026-09-14T15:43:26.7033894Z lastWriteUtc=2026-09-14T15:43:26.7033894Z attempt=3/3
2026-09-14 22:43:26 FAILED file=one-Z02J-HVP.txt attempt=3/3 type=System.InvalidOperationException hresult=-2146233079
2026-09-14 22:43:26 SKIP file=one-Z02J-HVP.txt; attempt limit reached; input unchanged.
2026-09-14 22:43:26 SCAN END completedFiles=0 elapsedMs=1 files=1 stateCount=1 stateReloaded=False stateLoadMs=0 enumerateMs=0 sortedFiles=1 stateBytesWritten=151 stateCompactions=0
2026-09-14 22:43:26 SCAN files=1 folder=C:\Users\pusit\AppData\Local\Temp\hvp-regression-2843b7e41e71414ea8b7868ac1f32979
2026-09-14 22:43:26 SCAN END completedFiles=0 elapsedMs=0 files=1 stateCount=1 stateReloaded=False stateLoadMs=0 enumerateMs=0 sortedFiles=0 stateBytesWritten=0 stateCompactions=0
PASS Oracle open failures retain existing three attempt skip policy
Failures: 0
